#-----------------------------------------------------------
# Vivado v2025.2 (64-bit)
# SW Build 6299465 on Fri Nov 14 19:35:11 GMT 2025
# IP Build 6300035 on Fri Nov 14 10:48:45 MST 2025
# SharedData Build 6298862 on Thu Nov 13 04:50:51 MST 2025
# Start of session at: Thu Apr  2 21:12:03 2026
# Process ID         : 33968
# Current directory  : C:/Users/minja/OneDrive/Documents/GitHub/5-Stage-Pipeline-RISC-V
# Command line       : vivado.exe -mode batch -source C:\Users\minja\AppData\Local\Temp\program_basys3_hw_again.tcl
# Log file           : C:/Users/minja/OneDrive/Documents/GitHub/5-Stage-Pipeline-RISC-V/vivado.log
# Journal file       : C:/Users/minja/OneDrive/Documents/GitHub/5-Stage-Pipeline-RISC-V\vivado.jou
# Running On         : Mintopus
# Platform           : Windows Server 2016 or Windows 10
# Operating System   : 26200
# Processor Detail   : AMD Ryzen 9 6900HS with Radeon Graphics        
# CPU Frequency      : 3294 MHz
# CPU Physical cores : 8
# CPU Logical cores  : 16
# Host memory        : 38365 MB
# Swap memory        : 2415 MB
# Total Virtual      : 40781 MB
# Available Virtual  : 8820 MB
#-----------------------------------------------------------
source {C:\Users\minja\AppData\Local\Temp\program_basys3_hw_again.tcl}
# open_hw_manager
open_hw_manager: Time (s): cpu = 00:00:12 ; elapsed = 00:00:09 . Memory (MB): peak = 527.262 ; gain = 223.594
# connect_hw_server
INFO: [Labtools 27-2285] Connecting to hw_server url TCP:localhost:3121
INFO: [Labtools 27-3415] Connecting to cs_server url TCP:localhost:0
INFO: [Labtools 27-3417] Launching cs_server...
INFO: [Labtools 27-2221] Launch Output:


******** Xilinx cs_server v2025.2.0
  ****** Build date   : Nov 13 2025-18:16:52
    **** Build number : 2025.2.1763075812
      ** Copyright 2017-2022 Xilinx, Inc. All Rights Reserved.
      ** Copyright 2022-2026 Advanced Micro Devices, Inc. All Rights Reserved.



# open_hw_target
INFO: [Labtoolstcl 44-466] Opening hw_target localhost:3121/xilinx_tcf/Digilent/210183BF78ABA
# current_hw_device [lindex [get_hw_devices] 0]
# set_property PROGRAM.FILE {C:/Users/minja/OneDrive/Documents/GitHub/5-Stage-Pipeline-RISC-V/vivado/project/basys3_riscv.runs/impl_1/basys3_riscv_top.bit} [current_hw_device]
# program_hw_devices [current_hw_device]
INFO: [Labtools 27-3164] End of startup status: HIGH
# refresh_hw_device [current_hw_device]
INFO: [Labtools 27-1434] Device xc7a35t (JTAG device index = 0) is programmed with a design that has no supported soft debug core(s) in it.
# puts "PROGRAMMED:[current_hw_device]"
PROGRAMMED:xc7a35t_0
# close_hw_manager
# exit
INFO: [Common 17-206] Exiting Vivado at Thu Apr  2 21:12:24 2026...
