#-----------------------------------------------------------
# Vivado v2025.2 (64-bit)
# SW Build 6299465 on Fri Nov 14 19:35:11 GMT 2025
# IP Build 6300035 on Fri Nov 14 10:48:45 MST 2025
# SharedData Build 6298862 on Thu Nov 13 04:50:51 MST 2025
# Start of session at: Fri Mar 27 01:39:49 2026
# Process ID         : 11500
# Current directory  : C:/Users/minja/OneDrive/Documents/GitHub/5-Stage-Pipeline-RISC-V
# Command line       : vivado.exe -mode batch -source C:\Users\minja\AppData\Local\Temp\basys3_riscv_vivado_uart2\build_basys3_riscv_uart.tcl
# Log file           : C:/Users/minja/OneDrive/Documents/GitHub/5-Stage-Pipeline-RISC-V/vivado.log
# Journal file       : C:/Users/minja/OneDrive/Documents/GitHub/5-Stage-Pipeline-RISC-V\vivado.jou
# Running On         : Mintopus
# Platform           : Windows Server 2016 or Windows 10
# Operating System   : 26200
# Processor Detail   : AMD Ryzen 9 6900HS with Radeon Graphics        
# CPU Frequency      : 3294 MHz
# CPU Physical cores : 8
# CPU Logical cores  : 16
# Host memory        : 38365 MB
# Swap memory        : 2415 MB
# Total Virtual      : 40781 MB
# Available Virtual  : 2274 MB
#-----------------------------------------------------------
source {C:\Users\minja\AppData\Local\Temp\basys3_riscv_vivado_uart2\build_basys3_riscv_uart.tcl}
# set repo_root  [file normalize "C:/Users/minja/OneDrive/Documents/GitHub/5-Stage-Pipeline-RISC-V"]
# set proj_name  basys3_riscv_uart
# set proj_dir   [file normalize [file join "C:/Users/minja/AppData/Local/Temp/basys3_riscv_vivado_uart2" project]]
# set src_dir    [file join $repo_root src]
# set constr_dir [file join $repo_root constraints]
# file mkdir $proj_dir
# create_project -force $proj_name $proj_dir -part xc7a35tcpg236-1
create_project: Time (s): cpu = 00:00:15 ; elapsed = 00:00:12 . Memory (MB): peak = 524.777 ; gain = 218.871
# set design_sources [list \
#   [file join $src_dir basys3_riscv_top.sv] \
#   [file join $src_dir uart_tx.sv] \
#   [file join $src_dir riscv_cpu_top.sv] \
#   [file join $src_dir program_counter.sv] \
#   [file join $src_dir simple_memory.sv] \
#   [file join $src_dir pipeline_if_id.sv] \
#   [file join $src_dir pipeline_id_ex.sv] \
#   [file join $src_dir pipeline_ex_mem.sv] \
#   [file join $src_dir pipeline_mem_wb.sv] \
#   [file join $src_dir control_unit.sv] \
#   [file join $src_dir register_file.sv] \
#   [file join $src_dir immediate_generator.sv] \
#   [file join $src_dir forwarding_unit.sv] \
#   [file join $src_dir riscv_alu.sv] \
#   [file join $src_dir branch_unit.sv] \
#   [file join $src_dir load_store_unit.sv] \
# ]
# set mem_init [file join $src_dir imem_program.hex]
# add_files -fileset sources_1 $design_sources
# add_files -fileset sources_1 $mem_init
# add_files -fileset constrs_1 [file join $constr_dir basys3_riscv.xdc]
# set_property top basys3_riscv_top [current_fileset]
# update_compile_order -fileset sources_1
# launch_runs synth_1 -jobs 4
WARNING: [Vivado 12-7122] Auto Incremental Compile:: No reference checkpoint was found in run synth_1. Auto-incremental flow will not be run, the standard flow will be run instead.
[Fri Mar 27 01:40:07 2026] Launched synth_1...
Run output will be captured here: C:/Users/minja/AppData/Local/Temp/basys3_riscv_vivado_uart2/project/basys3_riscv_uart.runs/synth_1/runme.log
# wait_on_run synth_1
[Fri Mar 27 01:40:07 2026] Waiting for synth_1 to finish...

*** Running vivado
    with args -log basys3_riscv_top.vds -m64 -product Vivado -mode batch -messageDb vivado.pb -notrace -source basys3_riscv_top.tcl



****** Vivado v2025.2 (64-bit)
  **** SW Build 6299465 on Fri Nov 14 19:35:11 GMT 2025
  **** IP Build 6300035 on Fri Nov 14 10:48:45 MST 2025
  **** SharedData Build 6298862 on Thu Nov 13 04:50:51 MST 2025
  **** Start of session at: Fri Mar 27 01:40:09 2026
    ** Copyright 1986-2022 Xilinx, Inc. All Rights Reserved.
    ** Copyright 2022-2025 Advanced Micro Devices, Inc. All Rights Reserved.

source basys3_riscv_top.tcl -notrace
create_project: Time (s): cpu = 00:00:18 ; elapsed = 00:00:14 . Memory (MB): peak = 524.676 ; gain = 219.375
Command: synth_design -top basys3_riscv_top -part xc7a35tcpg236-1
Starting synth_design
Attempting to get a license for feature 'Synthesis' and/or device 'xc7a35t'
INFO: [Common 17-349] Got license for feature 'Synthesis' and/or device 'xc7a35t'
INFO: [Device 21-403] Loading part xc7a35tcpg236-1
INFO: [Synth 8-7079] Multithreading enabled for synth_design using a maximum of 2 processes.
INFO: [Synth 8-7078] Launching helper process for spawning children vivado processes
INFO: [Synth 8-7075] Helper process launched with PID 28756
---------------------------------------------------------------------------------
Starting RTL Elaboration : Time (s): cpu = 00:00:11 ; elapsed = 00:00:11 . Memory (MB): peak = 1253.691 ; gain = 538.832
---------------------------------------------------------------------------------
INFO: [Synth 8-6157] synthesizing module 'basys3_riscv_top' [C:/Users/minja/OneDrive/Documents/GitHub/5-Stage-Pipeline-RISC-V/src/basys3_riscv_top.sv:4]
INFO: [Synth 8-6157] synthesizing module 'riscv_cpu_top' [C:/Users/minja/OneDrive/Documents/GitHub/5-Stage-Pipeline-RISC-V/src/riscv_cpu_top.sv:5]
INFO: [Synth 8-6157] synthesizing module 'program_counter' [C:/Users/minja/OneDrive/Documents/GitHub/5-Stage-Pipeline-RISC-V/src/program_counter.sv:5]
INFO: [Synth 8-6155] done synthesizing module 'program_counter' (0#1) [C:/Users/minja/OneDrive/Documents/GitHub/5-Stage-Pipeline-RISC-V/src/program_counter.sv:5]
INFO: [Synth 8-6157] synthesizing module 'simple_memory' [C:/Users/minja/OneDrive/Documents/GitHub/5-Stage-Pipeline-RISC-V/src/simple_memory.sv:5]
	Parameter ADDR_WIDTH bound to: 12 - type: integer 
	Parameter CLEAR_ON_RESET bound to: 0 - type: integer 
	Parameter INIT_FILE bound to: imem_program.hex - type: string 
INFO: [Synth 8-3876] $readmem data file 'imem_program.hex' is read successfully [C:/Users/minja/OneDrive/Documents/GitHub/5-Stage-Pipeline-RISC-V/src/simple_memory.sv:29]
INFO: [Synth 8-6155] done synthesizing module 'simple_memory' (0#1) [C:/Users/minja/OneDrive/Documents/GitHub/5-Stage-Pipeline-RISC-V/src/simple_memory.sv:5]
INFO: [Synth 8-6157] synthesizing module 'pipeline_if_id' [C:/Users/minja/OneDrive/Documents/GitHub/5-Stage-Pipeline-RISC-V/src/pipeline_if_id.sv:2]
INFO: [Synth 8-6155] done synthesizing module 'pipeline_if_id' (0#1) [C:/Users/minja/OneDrive/Documents/GitHub/5-Stage-Pipeline-RISC-V/src/pipeline_if_id.sv:2]
INFO: [Synth 8-6157] synthesizing module 'control_unit' [C:/Users/minja/OneDrive/Documents/GitHub/5-Stage-Pipeline-RISC-V/src/control_unit.sv:5]
INFO: [Synth 8-226] default block is never used [C:/Users/minja/OneDrive/Documents/GitHub/5-Stage-Pipeline-RISC-V/src/control_unit.sv:161]
INFO: [Synth 8-226] default block is never used [C:/Users/minja/OneDrive/Documents/GitHub/5-Stage-Pipeline-RISC-V/src/control_unit.sv:184]
INFO: [Synth 8-6155] done synthesizing module 'control_unit' (0#1) [C:/Users/minja/OneDrive/Documents/GitHub/5-Stage-Pipeline-RISC-V/src/control_unit.sv:5]
INFO: [Synth 8-6157] synthesizing module 'register_file' [C:/Users/minja/OneDrive/Documents/GitHub/5-Stage-Pipeline-RISC-V/src/register_file.sv:5]
INFO: [Synth 8-6155] done synthesizing module 'register_file' (0#1) [C:/Users/minja/OneDrive/Documents/GitHub/5-Stage-Pipeline-RISC-V/src/register_file.sv:5]
INFO: [Synth 8-6157] synthesizing module 'immediate_generator' [C:/Users/minja/OneDrive/Documents/GitHub/5-Stage-Pipeline-RISC-V/src/immediate_generator.sv:5]
INFO: [Synth 8-6155] done synthesizing module 'immediate_generator' (0#1) [C:/Users/minja/OneDrive/Documents/GitHub/5-Stage-Pipeline-RISC-V/src/immediate_generator.sv:5]
INFO: [Synth 8-6157] synthesizing module 'pipeline_id_ex' [C:/Users/minja/OneDrive/Documents/GitHub/5-Stage-Pipeline-RISC-V/src/pipeline_id_ex.sv:2]
INFO: [Synth 8-6155] done synthesizing module 'pipeline_id_ex' (0#1) [C:/Users/minja/OneDrive/Documents/GitHub/5-Stage-Pipeline-RISC-V/src/pipeline_id_ex.sv:2]
INFO: [Synth 8-6157] synthesizing module 'forwarding_unit' [C:/Users/minja/OneDrive/Documents/GitHub/5-Stage-Pipeline-RISC-V/src/forwarding_unit.sv:4]
INFO: [Synth 8-6155] done synthesizing module 'forwarding_unit' (0#1) [C:/Users/minja/OneDrive/Documents/GitHub/5-Stage-Pipeline-RISC-V/src/forwarding_unit.sv:4]
INFO: [Synth 8-6157] synthesizing module 'riscv_alu' [C:/Users/minja/OneDrive/Documents/GitHub/5-Stage-Pipeline-RISC-V/src/riscv_alu.sv:5]
INFO: [Synth 8-6157] synthesizing module 'full_adder' [C:/Users/minja/OneDrive/Documents/GitHub/5-Stage-Pipeline-RISC-V/src/riscv_alu.sv:162]
INFO: [Synth 8-6155] done synthesizing module 'full_adder' (0#1) [C:/Users/minja/OneDrive/Documents/GitHub/5-Stage-Pipeline-RISC-V/src/riscv_alu.sv:162]
INFO: [Synth 8-6157] synthesizing module 'mux_10to1' [C:/Users/minja/OneDrive/Documents/GitHub/5-Stage-Pipeline-RISC-V/src/riscv_alu.sv:356]
INFO: [Synth 8-6155] done synthesizing module 'mux_10to1' (0#1) [C:/Users/minja/OneDrive/Documents/GitHub/5-Stage-Pipeline-RISC-V/src/riscv_alu.sv:356]
INFO: [Synth 8-6157] synthesizing module 'barrel_shifter_left' [C:/Users/minja/OneDrive/Documents/GitHub/5-Stage-Pipeline-RISC-V/src/riscv_alu.sv:183]
INFO: [Synth 8-6157] synthesizing module 'mux_2to1' [C:/Users/minja/OneDrive/Documents/GitHub/5-Stage-Pipeline-RISC-V/src/riscv_alu.sv:338]
INFO: [Synth 8-6155] done synthesizing module 'mux_2to1' (0#1) [C:/Users/minja/OneDrive/Documents/GitHub/5-Stage-Pipeline-RISC-V/src/riscv_alu.sv:338]
INFO: [Synth 8-6155] done synthesizing module 'barrel_shifter_left' (0#1) [C:/Users/minja/OneDrive/Documents/GitHub/5-Stage-Pipeline-RISC-V/src/riscv_alu.sv:183]
INFO: [Synth 8-6157] synthesizing module 'barrel_shifter_right' [C:/Users/minja/OneDrive/Documents/GitHub/5-Stage-Pipeline-RISC-V/src/riscv_alu.sv:258]
INFO: [Synth 8-6155] done synthesizing module 'barrel_shifter_right' (0#1) [C:/Users/minja/OneDrive/Documents/GitHub/5-Stage-Pipeline-RISC-V/src/riscv_alu.sv:258]
INFO: [Synth 8-6155] done synthesizing module 'riscv_alu' (0#1) [C:/Users/minja/OneDrive/Documents/GitHub/5-Stage-Pipeline-RISC-V/src/riscv_alu.sv:5]
INFO: [Synth 8-6157] synthesizing module 'branch_unit' [C:/Users/minja/OneDrive/Documents/GitHub/5-Stage-Pipeline-RISC-V/src/branch_unit.sv:5]
INFO: [Synth 8-6155] done synthesizing module 'branch_unit' (0#1) [C:/Users/minja/OneDrive/Documents/GitHub/5-Stage-Pipeline-RISC-V/src/branch_unit.sv:5]
INFO: [Synth 8-6157] synthesizing module 'pipeline_ex_mem' [C:/Users/minja/OneDrive/Documents/GitHub/5-Stage-Pipeline-RISC-V/src/pipeline_ex_mem.sv:2]
INFO: [Synth 8-6155] done synthesizing module 'pipeline_ex_mem' (0#1) [C:/Users/minja/OneDrive/Documents/GitHub/5-Stage-Pipeline-RISC-V/src/pipeline_ex_mem.sv:2]
INFO: [Synth 8-6157] synthesizing module 'load_store_unit' [C:/Users/minja/OneDrive/Documents/GitHub/5-Stage-Pipeline-RISC-V/src/load_store_unit.sv:5]
INFO: [Synth 8-6155] done synthesizing module 'load_store_unit' (0#1) [C:/Users/minja/OneDrive/Documents/GitHub/5-Stage-Pipeline-RISC-V/src/load_store_unit.sv:5]
INFO: [Synth 8-6157] synthesizing module 'simple_memory__parameterized0' [C:/Users/minja/OneDrive/Documents/GitHub/5-Stage-Pipeline-RISC-V/src/simple_memory.sv:5]
	Parameter ADDR_WIDTH bound to: 12 - type: integer 
INFO: [Synth 8-6155] done synthesizing module 'simple_memory__parameterized0' (0#1) [C:/Users/minja/OneDrive/Documents/GitHub/5-Stage-Pipeline-RISC-V/src/simple_memory.sv:5]
INFO: [Synth 8-6157] synthesizing module 'pipeline_mem_wb' [C:/Users/minja/OneDrive/Documents/GitHub/5-Stage-Pipeline-RISC-V/src/pipeline_mem_wb.sv:2]
INFO: [Synth 8-6155] done synthesizing module 'pipeline_mem_wb' (0#1) [C:/Users/minja/OneDrive/Documents/GitHub/5-Stage-Pipeline-RISC-V/src/pipeline_mem_wb.sv:2]
INFO: [Synth 8-6155] done synthesizing module 'riscv_cpu_top' (0#1) [C:/Users/minja/OneDrive/Documents/GitHub/5-Stage-Pipeline-RISC-V/src/riscv_cpu_top.sv:5]
INFO: [Synth 8-6157] synthesizing module 'uart_tx' [C:/Users/minja/OneDrive/Documents/GitHub/5-Stage-Pipeline-RISC-V/src/uart_tx.sv:1]
	Parameter CLKS_PER_BIT bound to: 32'b00000000000000000000001101100100 
INFO: [Synth 8-6155] done synthesizing module 'uart_tx' (0#1) [C:/Users/minja/OneDrive/Documents/GitHub/5-Stage-Pipeline-RISC-V/src/uart_tx.sv:1]
INFO: [Synth 8-6155] done synthesizing module 'basys3_riscv_top' (0#1) [C:/Users/minja/OneDrive/Documents/GitHub/5-Stage-Pipeline-RISC-V/src/basys3_riscv_top.sv:4]
WARNING: [Synth 8-7129] Port address[1] in module simple_memory__parameterized0 is either unconnected or has no load
WARNING: [Synth 8-7129] Port address[0] in module simple_memory__parameterized0 is either unconnected or has no load
WARNING: [Synth 8-7129] Port instruction[6] in module immediate_generator is either unconnected or has no load
WARNING: [Synth 8-7129] Port instruction[5] in module immediate_generator is either unconnected or has no load
WARNING: [Synth 8-7129] Port instruction[4] in module immediate_generator is either unconnected or has no load
WARNING: [Synth 8-7129] Port instruction[3] in module immediate_generator is either unconnected or has no load
WARNING: [Synth 8-7129] Port instruction[2] in module immediate_generator is either unconnected or has no load
WARNING: [Synth 8-7129] Port instruction[1] in module immediate_generator is either unconnected or has no load
WARNING: [Synth 8-7129] Port instruction[0] in module immediate_generator is either unconnected or has no load
WARNING: [Synth 8-7129] Port instruction[31] in module control_unit is either unconnected or has no load
WARNING: [Synth 8-7129] Port instruction[29] in module control_unit is either unconnected or has no load
WARNING: [Synth 8-7129] Port instruction[28] in module control_unit is either unconnected or has no load
WARNING: [Synth 8-7129] Port instruction[27] in module control_unit is either unconnected or has no load
WARNING: [Synth 8-7129] Port instruction[26] in module control_unit is either unconnected or has no load
WARNING: [Synth 8-7129] Port instruction[25] in module control_unit is either unconnected or has no load
WARNING: [Synth 8-7129] Port instruction[24] in module control_unit is either unconnected or has no load
WARNING: [Synth 8-7129] Port instruction[23] in module control_unit is either unconnected or has no load
WARNING: [Synth 8-7129] Port instruction[22] in module control_unit is either unconnected or has no load
WARNING: [Synth 8-7129] Port instruction[21] in module control_unit is either unconnected or has no load
WARNING: [Synth 8-7129] Port instruction[20] in module control_unit is either unconnected or has no load
WARNING: [Synth 8-7129] Port instruction[19] in module control_unit is either unconnected or has no load
WARNING: [Synth 8-7129] Port instruction[18] in module control_unit is either unconnected or has no load
WARNING: [Synth 8-7129] Port instruction[17] in module control_unit is either unconnected or has no load
WARNING: [Synth 8-7129] Port instruction[16] in module control_unit is either unconnected or has no load
WARNING: [Synth 8-7129] Port instruction[15] in module control_unit is either unconnected or has no load
WARNING: [Synth 8-7129] Port instruction[11] in module control_unit is either unconnected or has no load
WARNING: [Synth 8-7129] Port instruction[10] in module control_unit is either unconnected or has no load
WARNING: [Synth 8-7129] Port instruction[9] in module control_unit is either unconnected or has no load
WARNING: [Synth 8-7129] Port instruction[8] in module control_unit is either unconnected or has no load
WARNING: [Synth 8-7129] Port instruction[7] in module control_unit is either unconnected or has no load
WARNING: [Synth 8-7129] Port reset in module simple_memory is either unconnected or has no load
WARNING: [Synth 8-7129] Port address[1] in module simple_memory is either unconnected or has no load
WARNING: [Synth 8-7129] Port address[0] in module simple_memory is either unconnected or has no load
---------------------------------------------------------------------------------
Finished RTL Elaboration : Time (s): cpu = 00:04:35 ; elapsed = 00:04:44 . Memory (MB): peak = 6191.801 ; gain = 5476.941
---------------------------------------------------------------------------------
---------------------------------------------------------------------------------
Start Handling Custom Attributes
---------------------------------------------------------------------------------
---------------------------------------------------------------------------------
Finished Handling Custom Attributes : Time (s): cpu = 00:04:51 ; elapsed = 00:05:00 . Memory (MB): peak = 6196.367 ; gain = 5481.508
---------------------------------------------------------------------------------
---------------------------------------------------------------------------------
Finished RTL Optimization Phase 1 : Time (s): cpu = 00:04:51 ; elapsed = 00:05:00 . Memory (MB): peak = 6196.367 ; gain = 5481.508
---------------------------------------------------------------------------------
Netlist sorting complete. Time (s): cpu = 00:00:25 ; elapsed = 00:00:25 . Memory (MB): peak = 6294.191 ; gain = 0.000
INFO: [Project 1-570] Preparing netlist for logic optimization

Processing XDC Constraints
Initializing timing engine
Parsing XDC File [C:/Users/minja/OneDrive/Documents/GitHub/5-Stage-Pipeline-RISC-V/constraints/basys3_riscv.xdc]
Finished Parsing XDC File [C:/Users/minja/OneDrive/Documents/GitHub/5-Stage-Pipeline-RISC-V/constraints/basys3_riscv.xdc]
INFO: [Project 1-236] Implementation specific constraints were found while reading constraint file [C:/Users/minja/OneDrive/Documents/GitHub/5-Stage-Pipeline-RISC-V/constraints/basys3_riscv.xdc]. These constraints will be ignored for synthesis but will be used in implementation. Impacted constraints are listed in the file [.Xil/basys3_riscv_top_propImpl.xdc].
Resolution: To avoid this warning, move constraints listed in [.Xil/basys3_riscv_top_propImpl.xdc] to another XDC file and exclude this new file from synthesis with the used_in_synthesis property (File Properties dialog in GUI) and re-run elaboration/synthesis.
Completed Processing XDC Constraints

Netlist sorting complete. Time (s): cpu = 00:00:00 ; elapsed = 00:00:00.287 . Memory (MB): peak = 6678.562 ; gain = 0.000
INFO: [Project 1-111] Unisim Transformation Summary:
No Unisim elements were transformed.

---------------------------------------------------------------------------------
Finished Constraint Validation : Time (s): cpu = 00:08:33 ; elapsed = 00:08:30 . Memory (MB): peak = 6678.562 ; gain = 5963.703
---------------------------------------------------------------------------------
---------------------------------------------------------------------------------
Start Loading Part and Timing Information
---------------------------------------------------------------------------------
Loading part: xc7a35tcpg236-1
---------------------------------------------------------------------------------
Finished Loading Part and Timing Information : Time (s): cpu = 00:08:33 ; elapsed = 00:08:30 . Memory (MB): peak = 6678.562 ; gain = 5963.703
---------------------------------------------------------------------------------
---------------------------------------------------------------------------------
Start Applying 'set_property' XDC Constraints
---------------------------------------------------------------------------------
---------------------------------------------------------------------------------
Finished applying 'set_property' XDC Constraints : Time (s): cpu = 00:08:34 ; elapsed = 00:08:30 . Memory (MB): peak = 6678.562 ; gain = 5963.703
-------------------------------------------------------------------------------------------------------------------------------------------------------------------
Finished RTL Optimization Phase 2 : Time (s): cpu = 00:53:19 ; elapsed = 00:53:57 . Memory (MB): peak = 6678.562 ; gain = 5963.703
---------------------------------------------------------------------------------
---------------------------------------------------------------------------------
Start RTL Component Statistics 
---------------------------------------------------------------------------------
Detailed RTL Component Info : 
+---Adders : 
	   2 Input   32 Bit       Adders := 3     
	   2 Input   10 Bit       Adders := 1     
	   2 Input    7 Bit       Adders := 8     
	   2 Input    5 Bit       Adders := 1     
	   2 Input    4 Bit       Adders := 2     
	   2 Input    2 Bit       Adders := 1     
	   2 Input    1 Bit       Adders := 1     
+---XORs : 
	   2 Input      1 Bit         XORs := 128   
	   3 Input      1 Bit         XORs := 1     
+---Registers : 
	               32 Bit    Registers := 48    
	               10 Bit    Registers := 2     
	                8 Bit    Registers := 8192  
	                7 Bit    Registers := 1     
	                5 Bit    Registers := 6     
	                4 Bit    Registers := 3     
	                3 Bit    Registers := 2     
	                2 Bit    Registers := 6     
	                1 Bit    Registers := 21    
+---Muxes : 
	   2 Input   32 Bit        Muxes := 8     
	   4 Input   32 Bit        Muxes := 8     
	   2 Input   16 Bit        Muxes := 2     
	   2 Input   10 Bit        Muxes := 2     
	   2 Input    8 Bit        Muxes := 30684 
	   4 Input    8 Bit        Muxes := 1     
	   2 Input    7 Bit        Muxes := 8     
	   8 Input    4 Bit        Muxes := 2     
	   2 Input    4 Bit        Muxes := 1     
	   2 Input    2 Bit        Muxes := 2     
	   2 Input    1 Bit        Muxes := 34837 
---------------------------------------------------------------------------------
Finished RTL Component Statistics 
---------------------------------------------------------------------------------
---------------------------------------------------------------------------------
Start Part Resource Summary
---------------------------------------------------------------------------------
Part Resources:
DSPs: 90 (col length:60)
BRAMs: 100 (col length: RAMB18 60 RAMB36 30)
---------------------------------------------------------------------------------
Finished Part Resource Summary
---------------------------------------------------------------------------------
---------------------------------------------------------------------------------
Start Cross Boundary and Area Optimization
---------------------------------------------------------------------------------
---------------------------------------------------------------------------------
Finished Cross Boundary and Area Optimization : Time (s): cpu = 00:56:43 ; elapsed = 00:57:25 . Memory (MB): peak = 6678.562 ; gain = 5963.703
---------------------------------------------------------------------------------
---------------------------------------------------------------------------------
Start Applying XDC Timing Constraints
---------------------------------------------------------------------------------
---------------------------------------------------------------------------------
Finished Applying XDC Timing Constraints : Time (s): cpu = 00:56:58 ; elapsed = 00:57:42 . Memory (MB): peak = 6678.562 ; gain = 5963.703
---------------------------------------------------------------------------------
---------------------------------------------------------------------------------
Start Timing Optimization
---------------------------------------------------------------------------------
---------------------------------------------------------------------------------
Finished Timing Optimization : Time (s): cpu = 00:57:28 ; elapsed = 00:58:12 . Memory (MB): peak = 6678.562 ; gain = 5963.703
---------------------------------------------------------------------------------
---------------------------------------------------------------------------------
Start Technology Mapping
---------------------------------------------------------------------------------
---------------------------------------------------------------------------------
Finished Technology Mapping : Time (s): cpu = 00:57:51 ; elapsed = 00:58:34 . Memory (MB): peak = 6678.562 ; gain = 5963.703
---------------------------------------------------------------------------------
---------------------------------------------------------------------------------
Start IO Insertion
---------------------------------------------------------------------------------
---------------------------------------------------------------------------------
Start Flattening Before IO Insertion
---------------------------------------------------------------------------------
---------------------------------------------------------------------------------
Finished Flattening Before IO Insertion
---------------------------------------------------------------------------------
---------------------------------------------------------------------------------
Start Final Netlist Cleanup
---------------------------------------------------------------------------------
---------------------------------------------------------------------------------
Finished Final Netlist Cleanup
---------------------------------------------------------------------------------
---------------------------------------------------------------------------------
Finished IO Insertion : Time (s): cpu = 00:58:09 ; elapsed = 00:58:54 . Memory (MB): peak = 6678.562 ; gain = 5963.703
---------------------------------------------------------------------------------
---------------------------------------------------------------------------------
Start Renaming Generated Instances
---------------------------------------------------------------------------------
---------------------------------------------------------------------------------
Finished Renaming Generated Instances : Time (s): cpu = 00:58:10 ; elapsed = 00:58:54 . Memory (MB): peak = 6678.562 ; gain = 5963.703
---------------------------------------------------------------------------------
---------------------------------------------------------------------------------
Start Rebuilding User Hierarchy
---------------------------------------------------------------------------------
---------------------------------------------------------------------------------
Finished Rebuilding User Hierarchy : Time (s): cpu = 00:58:18 ; elapsed = 00:59:03 . Memory (MB): peak = 6678.562 ; gain = 5963.703
---------------------------------------------------------------------------------
---------------------------------------------------------------------------------
Start Renaming Generated Ports
---------------------------------------------------------------------------------
---------------------------------------------------------------------------------
Finished Renaming Generated Ports : Time (s): cpu = 00:58:20 ; elapsed = 00:59:04 . Memory (MB): peak = 6678.562 ; gain = 5963.703
---------------------------------------------------------------------------------
---------------------------------------------------------------------------------
Start Handling Custom Attributes
---------------------------------------------------------------------------------
---------------------------------------------------------------------------------
Finished Handling Custom Attributes : Time (s): cpu = 00:58:23 ; elapsed = 00:59:07 . Memory (MB): peak = 6678.562 ; gain = 5963.703
---------------------------------------------------------------------------------
---------------------------------------------------------------------------------
Start Renaming Generated Nets
---------------------------------------------------------------------------------
---------------------------------------------------------------------------------
Finished Renaming Generated Nets : Time (s): cpu = 00:58:24 ; elapsed = 00:59:08 . Memory (MB): peak = 6678.562 ; gain = 5963.703
---------------------------------------------------------------------------------
---------------------------------------------------------------------------------
Start Writing Synthesis Report
---------------------------------------------------------------------------------

Report BlackBoxes: 
+-+--------------+----------+
| |BlackBox name |Instances |
+-+--------------+----------+
+-+--------------+----------+

Report Cell Usage: 
+------+-------+------+
|      |Cell   |Count |
+------+-------+------+
|1     |BUFG   |     2|
|2     |CARRY4 |    41|
|3     |LUT1   |     8|
|4     |LUT2   |   472|
|5     |LUT3   |  3927|
|6     |LUT4   | 14378|
|7     |LUT5   |  1314|
|8     |LUT6   | 16937|
|9     |MUXF7  |  4728|
|10    |MUXF8  |  2164|
|11    |FDRE   | 34516|
|12    |FDSE   |    11|
|13    |IBUF   |     2|
|14    |OBUF   |    17|
+------+-------+------+
---------------------------------------------------------------------------------
Finished Writing Synthesis Report : Time (s): cpu = 00:58:24 ; elapsed = 00:59:08 . Memory (MB): peak = 6678.562 ; gain = 5963.703
---------------------------------------------------------------------------------
Synthesis finished with 0 errors, 0 critical warnings and 0 warnings.
Synthesis Optimization Runtime : Time (s): cpu = 00:50:40 ; elapsed = 00:56:31 . Memory (MB): peak = 6678.562 ; gain = 5481.508
Synthesis Optimization Complete : Time (s): cpu = 00:58:24 ; elapsed = 00:59:09 . Memory (MB): peak = 6678.562 ; gain = 5963.703
INFO: [Project 1-571] Translating synthesized netlist
Netlist sorting complete. Time (s): cpu = 00:00:01 ; elapsed = 00:00:01 . Memory (MB): peak = 6678.562 ; gain = 0.000
INFO: [Netlist 29-17] Analyzing 6933 Unisim elements for replacement
INFO: [Netlist 29-28] Unisim Transformation completed in 1 CPU seconds
INFO: [Project 1-570] Preparing netlist for logic optimization
INFO: [Opt 31-138] Pushed 0 inverter(s) to 0 load pin(s).
Netlist sorting complete. Time (s): cpu = 00:00:00 ; elapsed = 00:00:00.049 . Memory (MB): peak = 6678.562 ; gain = 0.000
INFO: [Project 1-111] Unisim Transformation Summary:
No Unisim elements were transformed.

Synth Design complete | Checksum: b115e05b
INFO: [Common 17-83] Releasing license: Synthesis
62 Infos, 33 Warnings, 0 Critical Warnings and 0 Errors encountered.
synth_design completed successfully
synth_design: Time (s): cpu = 00:59:00 ; elapsed = 00:59:49 . Memory (MB): peak = 6678.562 ; gain = 6153.887
Write ShapeDB Complete: Time (s): cpu = 00:00:00 ; elapsed = 00:00:00.170 . Memory (MB): peak = 6678.562 ; gain = 0.000
INFO: [Common 17-1381] The checkpoint 'C:/Users/minja/AppData/Local/Temp/basys3_riscv_vivado_uart2/project/basys3_riscv_uart.runs/synth_1/basys3_riscv_top.dcp' has been generated.
write_checkpoint: Time (s): cpu = 00:00:20 ; elapsed = 00:00:19 . Memory (MB): peak = 6678.562 ; gain = 0.000
INFO: [Vivado 12-24828] Executing command : report_utilization -file basys3_riscv_top_utilization_synth.rpt -pb basys3_riscv_top_utilization_synth.pb
INFO: [Common 17-206] Exiting Vivado at Fri Mar 27 02:40:36 2026...
[Fri Mar 27 02:40:38 2026] synth_1 finished
wait_on_runs: Time (s): cpu = 00:00:03 ; elapsed = 01:00:32 . Memory (MB): peak = 530.754 ; gain = 0.000
# launch_runs impl_1 -to_step write_bitstream -jobs 4
[Fri Mar 27 02:40:39 2026] Launched impl_1...
Run output will be captured here: C:/Users/minja/AppData/Local/Temp/basys3_riscv_vivado_uart2/project/basys3_riscv_uart.runs/impl_1/runme.log
# wait_on_run impl_1
[Fri Mar 27 02:40:39 2026] Waiting for impl_1 to finish...

*** Running vivado
    with args -log basys3_riscv_top.vdi -applog -m64 -product Vivado -messageDb vivado.pb -mode batch -source basys3_riscv_top.tcl -notrace



****** Vivado v2025.2 (64-bit)
  **** SW Build 6299465 on Fri Nov 14 19:35:11 GMT 2025
  **** IP Build 6300035 on Fri Nov 14 10:48:45 MST 2025
  **** SharedData Build 6298862 on Thu Nov 13 04:50:51 MST 2025
  **** Start of session at: Fri Mar 27 02:40:46 2026
    ** Copyright 1986-2022 Xilinx, Inc. All Rights Reserved.
    ** Copyright 2022-2025 Advanced Micro Devices, Inc. All Rights Reserved.

source basys3_riscv_top.tcl -notrace
create_project: Time (s): cpu = 00:00:10 ; elapsed = 00:00:08 . Memory (MB): peak = 524.191 ; gain = 219.176
Command: link_design -top basys3_riscv_top -part xc7a35tcpg236-1
Design is defaulting to srcset: sources_1
Design is defaulting to constrset: constrs_1
INFO: [Device 21-403] Loading part xc7a35tcpg236-1
Netlist sorting complete. Time (s): cpu = 00:00:00 ; elapsed = 00:00:00.769 . Memory (MB): peak = 808.586 ; gain = 0.000
INFO: [Netlist 29-17] Analyzing 6933 Unisim elements for replacement
INFO: [Netlist 29-28] Unisim Transformation completed in 0 CPU seconds
INFO: [Project 1-479] Netlist was created with Vivado 2025.2
INFO: [Project 1-570] Preparing netlist for logic optimization
Parsing XDC File [C:/Users/minja/OneDrive/Documents/GitHub/5-Stage-Pipeline-RISC-V/constraints/basys3_riscv.xdc]
Finished Parsing XDC File [C:/Users/minja/OneDrive/Documents/GitHub/5-Stage-Pipeline-RISC-V/constraints/basys3_riscv.xdc]
INFO: [Opt 31-138] Pushed 0 inverter(s) to 0 load pin(s).
Netlist sorting complete. Time (s): cpu = 00:00:00 ; elapsed = 00:00:00.030 . Memory (MB): peak = 989.336 ; gain = 0.000
INFO: [Project 1-111] Unisim Transformation Summary:
No Unisim elements were transformed.

7 Infos, 0 Warnings, 0 Critical Warnings and 0 Errors encountered.
link_design completed successfully
link_design: Time (s): cpu = 00:00:16 ; elapsed = 00:00:17 . Memory (MB): peak = 989.352 ; gain = 465.160
Command: opt_design
Attempting to get a license for feature 'Implementation' and/or device 'xc7a35t'
INFO: [Common 17-349] Got license for feature 'Implementation' and/or device 'xc7a35t'
Running DRC as a precondition to command opt_design

Starting DRC Task
INFO: [DRC 23-27] Running DRC with 2 threads
INFO: [Project 1-461] DRC finished with 0 Errors
INFO: [Project 1-462] Please refer to the DRC report (report_drc) for more information.

Time (s): cpu = 00:00:02 ; elapsed = 00:00:01 . Memory (MB): peak = 996.617 ; gain = 7.266

Starting Cache Timing Information Task
INFO: [Timing 38-35] Done setting XDC timing constraints.
Ending Cache Timing Information Task | Checksum: 202d9ed4b

Time (s): cpu = 00:00:09 ; elapsed = 00:00:08 . Memory (MB): peak = 1582.016 ; gain = 585.398

Starting Logic Optimization Task

Phase 1 Initialization

Phase 1.1 Core Generation And Design Setup
Phase 1.1 Core Generation And Design Setup | Checksum: 202d9ed4b

Time (s): cpu = 00:00:00 ; elapsed = 00:00:00.045 . Memory (MB): peak = 2040.285 ; gain = 0.000

Phase 1.2 Setup Constraints And Sort Netlist
Phase 1.2 Setup Constraints And Sort Netlist | Checksum: 202d9ed4b

Time (s): cpu = 00:00:00 ; elapsed = 00:00:00.099 . Memory (MB): peak = 2040.285 ; gain = 0.000
Phase 1 Initialization | Checksum: 202d9ed4b

Time (s): cpu = 00:00:00 ; elapsed = 00:00:00.107 . Memory (MB): peak = 2040.285 ; gain = 0.000

Phase 2 Timer Update And Timing Data Collection

Phase 2.1 Detect if minReqCache needed
Phase 2.1 Detect if minReqCache needed | Checksum: 202d9ed4b

Time (s): cpu = 00:00:00 ; elapsed = 00:00:00.160 . Memory (MB): peak = 2040.289 ; gain = 0.004

Phase 2.2 Timer Update
Phase 2.2 Timer Update | Checksum: 202d9ed4b

Time (s): cpu = 00:00:02 ; elapsed = 00:00:01 . Memory (MB): peak = 2040.289 ; gain = 0.004

Phase 2.3 Timing Data Collection
Phase 2.3 Timing Data Collection | Checksum: 202d9ed4b

Time (s): cpu = 00:00:02 ; elapsed = 00:00:01 . Memory (MB): peak = 2040.289 ; gain = 0.004
Phase 2 Timer Update And Timing Data Collection | Checksum: 202d9ed4b

Time (s): cpu = 00:00:02 ; elapsed = 00:00:01 . Memory (MB): peak = 2040.289 ; gain = 0.004

Phase 3 Retarget
INFO: [Opt 31-1851] Number of loadless carry chains removed were: 0
INFO: [Opt 31-1834] Total Chains To Be Transformed Were: 0 AND Number of Transformed insts Created are: 0
INFO: [Opt 31-138] Pushed 0 inverter(s) to 0 load pin(s).
INFO: [Opt 31-49] Retargeted 0 cell(s).
Phase 3 Retarget | Checksum: 202d9ed4b

Time (s): cpu = 00:00:03 ; elapsed = 00:00:02 . Memory (MB): peak = 2040.289 ; gain = 0.004
Retarget | Checksum: 202d9ed4b
INFO: [Opt 31-389] Phase Retarget created 0 cells and removed 0 cells

Phase 4 Constant propagation
INFO: [Opt 31-138] Pushed 0 inverter(s) to 0 load pin(s).
Phase 4 Constant propagation | Checksum: 19cd3a227

Time (s): cpu = 00:00:03 ; elapsed = 00:00:03 . Memory (MB): peak = 2040.289 ; gain = 0.004
Constant propagation | Checksum: 19cd3a227
INFO: [Opt 31-389] Phase Constant propagation created 29 cells and removed 37 cells

Phase 5 Sweep
INFO: [Constraints 18-11670] Building netlist checker database with flags, 0x8
Done building netlist checker database: Time (s): cpu = 00:00:00 ; elapsed = 00:00:00.035 . Memory (MB): peak = 2040.289 ; gain = 0.000
INFO: [Constraints 18-11670] Building netlist checker database with flags, 0x8
Done building netlist checker database: Time (s): cpu = 00:00:00 ; elapsed = 00:00:00.032 . Memory (MB): peak = 2040.289 ; gain = 0.000
Phase 5 Sweep | Checksum: 1f4a01b90

Time (s): cpu = 00:00:04 ; elapsed = 00:00:04 . Memory (MB): peak = 2040.289 ; gain = 0.004
Sweep | Checksum: 1f4a01b90
INFO: [Opt 31-389] Phase Sweep created 0 cells and removed 0 cells

Phase 6 BUFG optimization
INFO: [Opt 31-129] Inserted BUFG to drive high-fanout reset|set|enable net. BUFG cell: rst_rr_BUFG_inst, Net: rst_rr
Phase 6 BUFG optimization | Checksum: 208a53eb3

Time (s): cpu = 00:00:06 ; elapsed = 00:00:05 . Memory (MB): peak = 2040.289 ; gain = 0.004
BUFG optimization | Checksum: 208a53eb3
INFO: [Opt 31-662] Phase BUFG optimization created 2 cells of which 1 are BUFGs and removed 0 cells.

Phase 7 Shift Register Optimization
INFO: [Opt 31-1064] SRL Remap converted 0 SRLs to 0 registers and converted 0 registers of register chains to 0 SRLs
Phase 7 Shift Register Optimization | Checksum: 208a53eb3

Time (s): cpu = 00:00:06 ; elapsed = 00:00:05 . Memory (MB): peak = 2040.289 ; gain = 0.004
Shift Register Optimization | Checksum: 208a53eb3
INFO: [Opt 31-389] Phase Shift Register Optimization created 0 cells and removed 0 cells

Phase 8 Post Processing Netlist
Phase 8 Post Processing Netlist | Checksum: 17297476c

Time (s): cpu = 00:00:06 ; elapsed = 00:00:06 . Memory (MB): peak = 2040.289 ; gain = 0.004
Post Processing Netlist | Checksum: 17297476c
INFO: [Opt 31-389] Phase Post Processing Netlist created 0 cells and removed 0 cells

Phase 9 Finalization

Phase 9.1 Finalizing Design Cores and Updating Shapes
Phase 9.1 Finalizing Design Cores and Updating Shapes | Checksum: 2427f9f6c

Time (s): cpu = 00:00:09 ; elapsed = 00:00:08 . Memory (MB): peak = 2040.289 ; gain = 0.004

Phase 9.2 Verifying Netlist Connectivity

Starting Connectivity Check Task

Time (s): cpu = 00:00:00 ; elapsed = 00:00:00.153 . Memory (MB): peak = 2040.289 ; gain = 0.000
Phase 9.2 Verifying Netlist Connectivity | Checksum: 2427f9f6c

Time (s): cpu = 00:00:09 ; elapsed = 00:00:08 . Memory (MB): peak = 2040.289 ; gain = 0.004
Phase 9 Finalization | Checksum: 2427f9f6c

Time (s): cpu = 00:00:09 ; elapsed = 00:00:08 . Memory (MB): peak = 2040.289 ; gain = 0.004
Opt_design Change Summary
=========================


-------------------------------------------------------------------------------------------------------------------------
|  Phase                        |  #Cells created  |  #Cells Removed  |  #Constrained objects preventing optimizations  |
-------------------------------------------------------------------------------------------------------------------------
|  Retarget                     |               0  |               0  |                                              0  |
|  Constant propagation         |              29  |              37  |                                              0  |
|  Sweep                        |               0  |               0  |                                              0  |
|  BUFG optimization            |               2  |               0  |                                              0  |
|  Shift Register Optimization  |               0  |               0  |                                              0  |
|  Post Processing Netlist      |               0  |               0  |                                              0  |
-------------------------------------------------------------------------------------------------------------------------


Ending Logic Optimization Task | Checksum: 2427f9f6c

Time (s): cpu = 00:00:09 ; elapsed = 00:00:08 . Memory (MB): peak = 2040.289 ; gain = 0.004

Starting Power Optimization Task
INFO: [Pwropt 34-132] Skipping clock gating for clocks with a period < 2.00 ns.
Ending Power Optimization Task | Checksum: 2427f9f6c

Time (s): cpu = 00:00:00 ; elapsed = 00:00:00.073 . Memory (MB): peak = 2040.289 ; gain = 0.000

Starting Final Cleanup Task
Ending Final Cleanup Task | Checksum: 2427f9f6c

Time (s): cpu = 00:00:00 ; elapsed = 00:00:00.009 . Memory (MB): peak = 2040.289 ; gain = 0.000
Netlist sorting complete. Time (s): cpu = 00:00:00 ; elapsed = 00:00:00.032 . Memory (MB): peak = 2040.289 ; gain = 0.000
INFO: [Common 17-83] Releasing license: Implementation
29 Infos, 0 Warnings, 0 Critical Warnings and 0 Errors encountered.
opt_design completed successfully
opt_design: Time (s): cpu = 00:00:25 ; elapsed = 00:00:22 . Memory (MB): peak = 2040.289 ; gain = 1050.938
INFO: [Vivado 12-24828] Executing command : report_drc -file basys3_riscv_top_drc_opted.rpt -pb basys3_riscv_top_drc_opted.pb -rpx basys3_riscv_top_drc_opted.rpx
Command: report_drc -file basys3_riscv_top_drc_opted.rpt -pb basys3_riscv_top_drc_opted.pb -rpx basys3_riscv_top_drc_opted.rpx
INFO: [IP_Flow 19-234] Refreshing IP repositories
INFO: [IP_Flow 19-1704] No user IP repositories specified
INFO: [IP_Flow 19-2313] Loaded Vivado IP repository 'C:/AMDDesignTools/2025.2/Vivado/data/ip'.
INFO: [DRC 23-27] Running DRC with 2 threads
INFO: [Vivado_Tcl 2-168] The results of DRC are in file C:/Users/minja/AppData/Local/Temp/basys3_riscv_vivado_uart2/project/basys3_riscv_uart.runs/impl_1/basys3_riscv_top_drc_opted.rpt.
report_drc completed successfully
report_drc: Time (s): cpu = 00:00:07 ; elapsed = 00:00:05 . Memory (MB): peak = 2040.289 ; gain = 0.000
generate_parallel_reports: Time (s): cpu = 00:00:07 ; elapsed = 00:00:05 . Memory (MB): peak = 2040.289 ; gain = 0.000
INFO: [Timing 38-480] Writing timing data to binary archive.
Wrote PlaceDB: Time (s): cpu = 00:00:00 ; elapsed = 00:00:00 . Memory (MB): peak = 2040.289 ; gain = 0.000
Wrote PulsedLatchDB: Time (s): cpu = 00:00:00 ; elapsed = 00:00:00 . Memory (MB): peak = 2040.289 ; gain = 0.000
Writing XDEF routing.
Writing XDEF routing logical nets.
Writing XDEF routing special nets.
Wrote RouteStorage: Time (s): cpu = 00:00:00 ; elapsed = 00:00:00.107 . Memory (MB): peak = 2040.289 ; gain = 0.000
Wrote PlaceStorage: Time (s): cpu = 00:00:00 ; elapsed = 00:00:00.001 . Memory (MB): peak = 2040.289 ; gain = 0.000
Wrote Netlist Cache: Time (s): cpu = 00:00:00 ; elapsed = 00:00:00 . Memory (MB): peak = 2040.289 ; gain = 0.000
Wrote Device Cache: Time (s): cpu = 00:00:00 ; elapsed = 00:00:00.006 . Memory (MB): peak = 2040.289 ; gain = 0.000
Write Physdb Complete: Time (s): cpu = 00:00:00 ; elapsed = 00:00:00.127 . Memory (MB): peak = 2040.289 ; gain = 0.000
Write ShapeDB Complete: Time (s): cpu = 00:00:00 ; elapsed = 00:00:00.171 . Memory (MB): peak = 2040.289 ; gain = 0.000
INFO: [Common 17-1381] The checkpoint 'C:/Users/minja/AppData/Local/Temp/basys3_riscv_vivado_uart2/project/basys3_riscv_uart.runs/impl_1/basys3_riscv_top_opt.dcp' has been generated.
Command: place_design
Attempting to get a license for feature 'Implementation' and/or device 'xc7a35t'
INFO: [Common 17-349] Got license for feature 'Implementation' and/or device 'xc7a35t'
INFO: [Common 17-83] Releasing license: Implementation
INFO: [DRC 23-27] Running DRC with 2 threads
INFO: [Vivado_Tcl 4-198] DRC finished with 0 Errors
INFO: [Vivado_Tcl 4-199] Please refer to the DRC report (report_drc) for more information.
INFO: [Timing 38-35] Done setting XDC timing constraints.
Running DRC as a precondition to command place_design
INFO: [DRC 23-27] Running DRC with 2 threads
ERROR: [DRC UTLZ-1] Resource utilization: LUT as Logic over-utilized in Top Level Design (This design requires more LUT as Logic cells than are available in the target device. This design requires 28084 of such cell types but only 20800 compatible sites are available in the target device. Please analyze your synthesis results and constraints to ensure the design is mapped to Xilinx primitives as expected. If so, please consider targeting a larger device. Please set tcl parameter "drc.disableLUTOverUtilError" to 1 to change this error to warning.)
INFO: [Vivado_Tcl 4-198] DRC finished with 1 Errors
INFO: [Vivado_Tcl 4-199] Please refer to the DRC report (report_drc) for more information.
ERROR: [Vivado_Tcl 4-23] Error(s) found during DRC. Placer not run.
46 Infos, 0 Warnings, 0 Critical Warnings and 2 Errors encountered.
place_design failed
ERROR: [Common 17-39] 'place_design' failed due to earlier errors.

INFO: [Common 17-206] Exiting Vivado at Fri Mar 27 02:41:52 2026...
[Fri Mar 27 02:41:54 2026] impl_1 finished
ERROR: [Vivado 12-13638] Failed runs(s) : 'impl_1'
wait_on_runs: Time (s): cpu = 00:00:00 ; elapsed = 00:01:16 . Memory (MB): peak = 530.754 ; gain = 0.000
ERROR: [Common 17-39] 'wait_on_runs' failed due to earlier errors.

    while executing
"wait_on_run impl_1"
    (file "C:\Users\minja\AppData\Local\Temp\basys3_riscv_vivado_uart2\build_basys3_riscv_uart.tcl" line 38)
INFO: [Common 17-206] Exiting Vivado at Fri Mar 27 02:41:54 2026...
