#-----------------------------------------------------------
# Vivado v2025.2 (64-bit)
# SW Build 6299465 on Fri Nov 14 19:35:11 GMT 2025
# IP Build 6300035 on Fri Nov 14 10:48:45 MST 2025
# SharedData Build 6298862 on Thu Nov 13 04:50:51 MST 2025
# Start of session at: Thu Apr  2 21:51:12 2026
# Process ID         : 19224
# Current directory  : C:/Users/minja/OneDrive/Documents/GitHub/5-Stage-Pipeline-RISC-V
# Command line       : vivado.exe -mode batch -source c:\Users\minja\OneDrive\Documents\GitHub\5-Stage-Pipeline-RISC-V\vivado\program_board.tcl
# Log file           : C:/Users/minja/OneDrive/Documents/GitHub/5-Stage-Pipeline-RISC-V/vivado.log
# Journal file       : C:/Users/minja/OneDrive/Documents/GitHub/5-Stage-Pipeline-RISC-V\vivado.jou
# Running On         : Mintopus
# Platform           : Windows Server 2016 or Windows 10
# Operating System   : 26200
# Processor Detail   : AMD Ryzen 9 6900HS with Radeon Graphics        
# CPU Frequency      : 3294 MHz
# CPU Physical cores : 8
# CPU Logical cores  : 16
# Host memory        : 38365 MB
# Swap memory        : 2415 MB
# Total Virtual      : 40781 MB
# Available Virtual  : 6619 MB
#-----------------------------------------------------------
source {c:\Users\minja\OneDrive\Documents\GitHub\5-Stage-Pipeline-RISC-V\vivado\program_board.tcl}
# set script_dir [file dirname [file normalize [info script]]]
# set bit [file join $script_dir project basys3_riscv.runs impl_1 basys3_riscv_top.bit]
# if {![file exists $bit]} {
#   puts "ERROR: Missing bitstream $bit"
#   exit 1
# }
# open_hw_manager
open_hw_manager: Time (s): cpu = 00:00:11 ; elapsed = 00:00:09 . Memory (MB): peak = 528.207 ; gain = 222.617
# connect_hw_server
INFO: [Labtools 27-2285] Connecting to hw_server url TCP:localhost:3121
INFO: [Labtools 27-3415] Connecting to cs_server url TCP:localhost:0
INFO: [Labtools 27-3417] Launching cs_server...
INFO: [Labtools 27-2221] Launch Output:


******** Xilinx cs_server v2025.2.0
  ****** Build date   : Nov 13 2025-18:16:52
    **** Build number : 2025.2.1763075812
      ** Copyright 2017-2022 Xilinx, Inc. All Rights Reserved.
      ** Copyright 2022-2026 Advanced Micro Devices, Inc. All Rights Reserved.



# open_hw_target
INFO: [Labtoolstcl 44-466] Opening hw_target localhost:3121/xilinx_tcf/Digilent/210183BF78ABA
# set devs [get_hw_devices]
# if {[llength $devs] == 0} {
#   puts "ERROR: No hardware devices found."
#   close_hw_manager
#   exit 1
# }
# current_hw_device [lindex $devs 0]
# refresh_hw_device [current_hw_device]
INFO: [Labtools 27-1434] Device xc7a35t (JTAG device index = 0) is programmed with a design that has no supported soft debug core(s) in it.
# set_property PROGRAM.FILE $bit [current_hw_device]
# program_hw_devices [current_hw_device]
INFO: [Labtools 27-3164] End of startup status: HIGH
# puts "Programmed device with $bit"
Programmed device with C:/Users/minja/OneDrive/Documents/GitHub/5-Stage-Pipeline-RISC-V/vivado/project/basys3_riscv.runs/impl_1/basys3_riscv_top.bit
# close_hw_manager
INFO: [Common 17-206] Exiting Vivado at Thu Apr  2 21:51:30 2026...
