#-----------------------------------------------------------
# Vivado v2025.2 (64-bit)
# SW Build 6299465 on Fri Nov 14 19:35:11 GMT 2025
# IP Build 6300035 on Fri Nov 14 10:48:45 MST 2025
# SharedData Build 6298862 on Thu Nov 13 04:50:51 MST 2025
# Start of session at: Fri Mar 27 01:29:50 2026
# Process ID         : 3052
# Current directory  : C:/Users/minja/OneDrive/Documents/GitHub/5-Stage-Pipeline-RISC-V
# Command line       : vivado.exe -mode batch -source C:\Users\minja\AppData\Local\Temp\basys3_riscv_vivado\build_basys3_riscv_uart.tcl
# Log file           : C:/Users/minja/OneDrive/Documents/GitHub/5-Stage-Pipeline-RISC-V/vivado.log
# Journal file       : C:/Users/minja/OneDrive/Documents/GitHub/5-Stage-Pipeline-RISC-V\vivado.jou
# Running On         : Mintopus
# Platform           : Windows Server 2016 or Windows 10
# Operating System   : 26200
# Processor Detail   : AMD Ryzen 9 6900HS with Radeon Graphics        
# CPU Frequency      : 3294 MHz
# CPU Physical cores : 8
# CPU Logical cores  : 16
# Host memory        : 38365 MB
# Swap memory        : 2415 MB
# Total Virtual      : 40781 MB
# Available Virtual  : 10056 MB
#-----------------------------------------------------------
source {C:\Users\minja\AppData\Local\Temp\basys3_riscv_vivado\build_basys3_riscv_uart.tcl}
# set repo_root  [file normalize "C:/Users/minja/OneDrive/Documents/GitHub/5-Stage-Pipeline-RISC-V"]
# set proj_name  basys3_riscv
# set proj_dir   [file normalize [file join "C:/Users/minja/AppData/Local/Temp/basys3_riscv_vivado" project]]
# set src_dir    [file join $repo_root src]
# set constr_dir [file join $repo_root constraints]
# file mkdir $proj_dir
# create_project -force $proj_name $proj_dir -part xc7a35tcpg236-1
ERROR: [Project 1-161] Failed to remove the directory 'C:/Users/minja/AppData/Local/Temp/basys3_riscv_vivado/project/basys3_riscv.runs'. The directory might be in use by some other process.
INFO: [Common 17-206] Exiting Vivado at Fri Mar 27 01:29:55 2026...
