#-----------------------------------------------------------
# Vivado v2025.2 (64-bit)
# SW Build 6299465 on Fri Nov 14 19:35:11 GMT 2025
# IP Build 6300035 on Fri Nov 14 10:48:45 MST 2025
# SharedData Build 6298862 on Thu Nov 13 04:50:51 MST 2025
# Start of session at: Thu Mar 26 23:34:53 2026
# Process ID         : 31240
# Current directory  : C:/Users/minja/OneDrive/Documents/GitHub/5-Stage-Pipeline-RISC-V
# Command line       : vivado.exe -mode batch -source C:\Users\minja\AppData\Local\Temp\basys3_riscv_vivado\build_basys3_riscv.tcl
# Log file           : C:/Users/minja/OneDrive/Documents/GitHub/5-Stage-Pipeline-RISC-V/vivado.log
# Journal file       : C:/Users/minja/OneDrive/Documents/GitHub/5-Stage-Pipeline-RISC-V\vivado.jou
# Running On         : Mintopus
# Platform           : Windows Server 2016 or Windows 10
# Operating System   : 26200
# Processor Detail   : AMD Ryzen 9 6900HS with Radeon Graphics        
# CPU Frequency      : 3294 MHz
# CPU Physical cores : 8
# CPU Logical cores  : 16
# Host memory        : 38365 MB
# Swap memory        : 2415 MB
# Total Virtual      : 40781 MB
# Available Virtual  : 12633 MB
#-----------------------------------------------------------
source {C:\Users\minja\AppData\Local\Temp\basys3_riscv_vivado\build_basys3_riscv.tcl}
# set repo_root  [file normalize "C:/Users/minja/OneDrive/Documents/GitHub/5-Stage-Pipeline-RISC-V"]
# set proj_name  basys3_riscv
# set proj_dir   [file normalize [file join "C:/Users/minja/AppData/Local/Temp/basys3_riscv_vivado" project]]
# set src_dir    [file join $repo_root src]
# set constr_dir [file join $repo_root constraints]
# file mkdir $proj_dir
# create_project -force $proj_name $proj_dir -part xc7a35tcpg236-1
create_project: Time (s): cpu = 00:00:11 ; elapsed = 00:00:11 . Memory (MB): peak = 525.453 ; gain = 220.379
# set design_sources [list \
#   [file join $src_dir basys3_riscv_top.sv] \
#   [file join $src_dir riscv_cpu_top.sv] \
#   [file join $src_dir program_counter.sv] \
#   [file join $src_dir simple_memory.sv] \
#   [file join $src_dir pipeline_if_id.sv] \
#   [file join $src_dir pipeline_id_ex.sv] \
#   [file join $src_dir pipeline_ex_mem.sv] \
#   [file join $src_dir pipeline_mem_wb.sv] \
#   [file join $src_dir control_unit.sv] \
#   [file join $src_dir register_file.sv] \
#   [file join $src_dir immediate_generator.sv] \
#   [file join $src_dir forwarding_unit.sv] \
#   [file join $src_dir riscv_alu.sv] \
#   [file join $src_dir branch_unit.sv] \
#   [file join $src_dir load_store_unit.sv] \
# ]
# set mem_init [file join $src_dir imem_program.hex]
# add_files -fileset sources_1 $design_sources
# add_files -fileset sources_1 $mem_init
# add_files -fileset constrs_1 [file join $constr_dir basys3_riscv.xdc]
# set_property top basys3_riscv_top [current_fileset]
# update_compile_order -fileset sources_1
# launch_runs synth_1 -jobs 4
WARNING: [Vivado 12-7122] Auto Incremental Compile:: No reference checkpoint was found in run synth_1. Auto-incremental flow will not be run, the standard flow will be run instead.
[Thu Mar 26 23:35:09 2026] Launched synth_1...
Run output will be captured here: C:/Users/minja/AppData/Local/Temp/basys3_riscv_vivado/project/basys3_riscv.runs/synth_1/runme.log
# wait_on_run synth_1
[Thu Mar 26 23:35:09 2026] Waiting for synth_1 to finish...

*** Running vivado
    with args -log basys3_riscv_top.vds -m64 -product Vivado -mode batch -messageDb vivado.pb -notrace -source basys3_riscv_top.tcl



****** Vivado v2025.2 (64-bit)
  **** SW Build 6299465 on Fri Nov 14 19:35:11 GMT 2025
  **** IP Build 6300035 on Fri Nov 14 10:48:45 MST 2025
  **** SharedData Build 6298862 on Thu Nov 13 04:50:51 MST 2025
  **** Start of session at: Thu Mar 26 23:35:12 2026
    ** Copyright 1986-2022 Xilinx, Inc. All Rights Reserved.
    ** Copyright 2022-2025 Advanced Micro Devices, Inc. All Rights Reserved.

source basys3_riscv_top.tcl -notrace
create_project: Time (s): cpu = 00:00:10 ; elapsed = 00:00:08 . Memory (MB): peak = 524.688 ; gain = 220.719
Command: synth_design -top basys3_riscv_top -part xc7a35tcpg236-1
Starting synth_design
Attempting to get a license for feature 'Synthesis' and/or device 'xc7a35t'
INFO: [Common 17-349] Got license for feature 'Synthesis' and/or device 'xc7a35t'
INFO: [Device 21-403] Loading part xc7a35tcpg236-1
INFO: [Synth 8-7079] Multithreading enabled for synth_design using a maximum of 2 processes.
INFO: [Synth 8-7078] Launching helper process for spawning children vivado processes
INFO: [Synth 8-7075] Helper process launched with PID 31440
---------------------------------------------------------------------------------
Starting RTL Elaboration : Time (s): cpu = 00:00:07 ; elapsed = 00:00:08 . Memory (MB): peak = 1256.270 ; gain = 540.633
---------------------------------------------------------------------------------
INFO: [Synth 8-6157] synthesizing module 'basys3_riscv_top' [C:/Users/minja/OneDrive/Documents/GitHub/5-Stage-Pipeline-RISC-V/src/basys3_riscv_top.sv:3]
WARNING: [Synth 8-4446] all outputs are unconnected for this instance and logic may be removed [C:/Users/minja/OneDrive/Documents/GitHub/5-Stage-Pipeline-RISC-V/src/basys3_riscv_top.sv:38]
INFO: [Synth 8-6157] synthesizing module 'riscv_cpu_top' [C:/Users/minja/OneDrive/Documents/GitHub/5-Stage-Pipeline-RISC-V/src/riscv_cpu_top.sv:5]
INFO: [Synth 8-6157] synthesizing module 'program_counter' [C:/Users/minja/OneDrive/Documents/GitHub/5-Stage-Pipeline-RISC-V/src/program_counter.sv:5]
INFO: [Synth 8-6155] done synthesizing module 'program_counter' (0#1) [C:/Users/minja/OneDrive/Documents/GitHub/5-Stage-Pipeline-RISC-V/src/program_counter.sv:5]
INFO: [Synth 8-6157] synthesizing module 'simple_memory' [C:/Users/minja/OneDrive/Documents/GitHub/5-Stage-Pipeline-RISC-V/src/simple_memory.sv:5]
	Parameter ADDR_WIDTH bound to: 12 - type: integer 
	Parameter CLEAR_ON_RESET bound to: 0 - type: integer 
	Parameter INIT_FILE bound to: imem_program.hex - type: string 
INFO: [Synth 8-3876] $readmem data file 'imem_program.hex' is read successfully [C:/Users/minja/OneDrive/Documents/GitHub/5-Stage-Pipeline-RISC-V/src/simple_memory.sv:29]
INFO: [Synth 8-6155] done synthesizing module 'simple_memory' (0#1) [C:/Users/minja/OneDrive/Documents/GitHub/5-Stage-Pipeline-RISC-V/src/simple_memory.sv:5]
INFO: [Synth 8-6157] synthesizing module 'pipeline_if_id' [C:/Users/minja/OneDrive/Documents/GitHub/5-Stage-Pipeline-RISC-V/src/pipeline_if_id.sv:2]
INFO: [Synth 8-6155] done synthesizing module 'pipeline_if_id' (0#1) [C:/Users/minja/OneDrive/Documents/GitHub/5-Stage-Pipeline-RISC-V/src/pipeline_if_id.sv:2]
INFO: [Synth 8-6157] synthesizing module 'control_unit' [C:/Users/minja/OneDrive/Documents/GitHub/5-Stage-Pipeline-RISC-V/src/control_unit.sv:5]
INFO: [Synth 8-226] default block is never used [C:/Users/minja/OneDrive/Documents/GitHub/5-Stage-Pipeline-RISC-V/src/control_unit.sv:161]
INFO: [Synth 8-226] default block is never used [C:/Users/minja/OneDrive/Documents/GitHub/5-Stage-Pipeline-RISC-V/src/control_unit.sv:184]
INFO: [Synth 8-6155] done synthesizing module 'control_unit' (0#1) [C:/Users/minja/OneDrive/Documents/GitHub/5-Stage-Pipeline-RISC-V/src/control_unit.sv:5]
INFO: [Synth 8-6157] synthesizing module 'register_file' [C:/Users/minja/OneDrive/Documents/GitHub/5-Stage-Pipeline-RISC-V/src/register_file.sv:5]
INFO: [Synth 8-6155] done synthesizing module 'register_file' (0#1) [C:/Users/minja/OneDrive/Documents/GitHub/5-Stage-Pipeline-RISC-V/src/register_file.sv:5]
INFO: [Synth 8-6157] synthesizing module 'immediate_generator' [C:/Users/minja/OneDrive/Documents/GitHub/5-Stage-Pipeline-RISC-V/src/immediate_generator.sv:5]
INFO: [Synth 8-6155] done synthesizing module 'immediate_generator' (0#1) [C:/Users/minja/OneDrive/Documents/GitHub/5-Stage-Pipeline-RISC-V/src/immediate_generator.sv:5]
INFO: [Synth 8-6157] synthesizing module 'pipeline_id_ex' [C:/Users/minja/OneDrive/Documents/GitHub/5-Stage-Pipeline-RISC-V/src/pipeline_id_ex.sv:2]
INFO: [Synth 8-6155] done synthesizing module 'pipeline_id_ex' (0#1) [C:/Users/minja/OneDrive/Documents/GitHub/5-Stage-Pipeline-RISC-V/src/pipeline_id_ex.sv:2]
INFO: [Synth 8-6157] synthesizing module 'forwarding_unit' [C:/Users/minja/OneDrive/Documents/GitHub/5-Stage-Pipeline-RISC-V/src/forwarding_unit.sv:4]
INFO: [Synth 8-6155] done synthesizing module 'forwarding_unit' (0#1) [C:/Users/minja/OneDrive/Documents/GitHub/5-Stage-Pipeline-RISC-V/src/forwarding_unit.sv:4]
INFO: [Synth 8-6157] synthesizing module 'riscv_alu' [C:/Users/minja/OneDrive/Documents/GitHub/5-Stage-Pipeline-RISC-V/src/riscv_alu.sv:5]
INFO: [Synth 8-6157] synthesizing module 'full_adder' [C:/Users/minja/OneDrive/Documents/GitHub/5-Stage-Pipeline-RISC-V/src/riscv_alu.sv:162]
INFO: [Synth 8-6155] done synthesizing module 'full_adder' (0#1) [C:/Users/minja/OneDrive/Documents/GitHub/5-Stage-Pipeline-RISC-V/src/riscv_alu.sv:162]
INFO: [Synth 8-6157] synthesizing module 'mux_10to1' [C:/Users/minja/OneDrive/Documents/GitHub/5-Stage-Pipeline-RISC-V/src/riscv_alu.sv:356]
INFO: [Synth 8-6155] done synthesizing module 'mux_10to1' (0#1) [C:/Users/minja/OneDrive/Documents/GitHub/5-Stage-Pipeline-RISC-V/src/riscv_alu.sv:356]
INFO: [Synth 8-6157] synthesizing module 'barrel_shifter_left' [C:/Users/minja/OneDrive/Documents/GitHub/5-Stage-Pipeline-RISC-V/src/riscv_alu.sv:183]
INFO: [Synth 8-6157] synthesizing module 'mux_2to1' [C:/Users/minja/OneDrive/Documents/GitHub/5-Stage-Pipeline-RISC-V/src/riscv_alu.sv:338]
INFO: [Synth 8-6155] done synthesizing module 'mux_2to1' (0#1) [C:/Users/minja/OneDrive/Documents/GitHub/5-Stage-Pipeline-RISC-V/src/riscv_alu.sv:338]
INFO: [Synth 8-6155] done synthesizing module 'barrel_shifter_left' (0#1) [C:/Users/minja/OneDrive/Documents/GitHub/5-Stage-Pipeline-RISC-V/src/riscv_alu.sv:183]
INFO: [Synth 8-6157] synthesizing module 'barrel_shifter_right' [C:/Users/minja/OneDrive/Documents/GitHub/5-Stage-Pipeline-RISC-V/src/riscv_alu.sv:258]
INFO: [Synth 8-6155] done synthesizing module 'barrel_shifter_right' (0#1) [C:/Users/minja/OneDrive/Documents/GitHub/5-Stage-Pipeline-RISC-V/src/riscv_alu.sv:258]
INFO: [Synth 8-6155] done synthesizing module 'riscv_alu' (0#1) [C:/Users/minja/OneDrive/Documents/GitHub/5-Stage-Pipeline-RISC-V/src/riscv_alu.sv:5]
INFO: [Synth 8-6157] synthesizing module 'branch_unit' [C:/Users/minja/OneDrive/Documents/GitHub/5-Stage-Pipeline-RISC-V/src/branch_unit.sv:5]
INFO: [Synth 8-6155] done synthesizing module 'branch_unit' (0#1) [C:/Users/minja/OneDrive/Documents/GitHub/5-Stage-Pipeline-RISC-V/src/branch_unit.sv:5]
INFO: [Synth 8-6157] synthesizing module 'pipeline_ex_mem' [C:/Users/minja/OneDrive/Documents/GitHub/5-Stage-Pipeline-RISC-V/src/pipeline_ex_mem.sv:2]
INFO: [Synth 8-6155] done synthesizing module 'pipeline_ex_mem' (0#1) [C:/Users/minja/OneDrive/Documents/GitHub/5-Stage-Pipeline-RISC-V/src/pipeline_ex_mem.sv:2]
INFO: [Synth 8-6157] synthesizing module 'load_store_unit' [C:/Users/minja/OneDrive/Documents/GitHub/5-Stage-Pipeline-RISC-V/src/load_store_unit.sv:5]
INFO: [Synth 8-6155] done synthesizing module 'load_store_unit' (0#1) [C:/Users/minja/OneDrive/Documents/GitHub/5-Stage-Pipeline-RISC-V/src/load_store_unit.sv:5]
INFO: [Synth 8-6157] synthesizing module 'simple_memory__parameterized0' [C:/Users/minja/OneDrive/Documents/GitHub/5-Stage-Pipeline-RISC-V/src/simple_memory.sv:5]
	Parameter ADDR_WIDTH bound to: 12 - type: integer 
INFO: [Synth 8-6155] done synthesizing module 'simple_memory__parameterized0' (0#1) [C:/Users/minja/OneDrive/Documents/GitHub/5-Stage-Pipeline-RISC-V/src/simple_memory.sv:5]
INFO: [Synth 8-6157] synthesizing module 'pipeline_mem_wb' [C:/Users/minja/OneDrive/Documents/GitHub/5-Stage-Pipeline-RISC-V/src/pipeline_mem_wb.sv:2]
INFO: [Synth 8-6155] done synthesizing module 'pipeline_mem_wb' (0#1) [C:/Users/minja/OneDrive/Documents/GitHub/5-Stage-Pipeline-RISC-V/src/pipeline_mem_wb.sv:2]
INFO: [Synth 8-6155] done synthesizing module 'riscv_cpu_top' (0#1) [C:/Users/minja/OneDrive/Documents/GitHub/5-Stage-Pipeline-RISC-V/src/riscv_cpu_top.sv:5]
INFO: [Synth 8-6155] done synthesizing module 'basys3_riscv_top' (0#1) [C:/Users/minja/OneDrive/Documents/GitHub/5-Stage-Pipeline-RISC-V/src/basys3_riscv_top.sv:3]
WARNING: [Synth 8-7129] Port address[1] in module simple_memory__parameterized0 is either unconnected or has no load
WARNING: [Synth 8-7129] Port address[0] in module simple_memory__parameterized0 is either unconnected or has no load
WARNING: [Synth 8-7129] Port instruction[6] in module immediate_generator is either unconnected or has no load
WARNING: [Synth 8-7129] Port instruction[5] in module immediate_generator is either unconnected or has no load
WARNING: [Synth 8-7129] Port instruction[4] in module immediate_generator is either unconnected or has no load
WARNING: [Synth 8-7129] Port instruction[3] in module immediate_generator is either unconnected or has no load
WARNING: [Synth 8-7129] Port instruction[2] in module immediate_generator is either unconnected or has no load
WARNING: [Synth 8-7129] Port instruction[1] in module immediate_generator is either unconnected or has no load
WARNING: [Synth 8-7129] Port instruction[0] in module immediate_generator is either unconnected or has no load
WARNING: [Synth 8-7129] Port instruction[31] in module control_unit is either unconnected or has no load
WARNING: [Synth 8-7129] Port instruction[29] in module control_unit is either unconnected or has no load
WARNING: [Synth 8-7129] Port instruction[28] in module control_unit is either unconnected or has no load
WARNING: [Synth 8-7129] Port instruction[27] in module control_unit is either unconnected or has no load
WARNING: [Synth 8-7129] Port instruction[26] in module control_unit is either unconnected or has no load
WARNING: [Synth 8-7129] Port instruction[25] in module control_unit is either unconnected or has no load
WARNING: [Synth 8-7129] Port instruction[24] in module control_unit is either unconnected or has no load
WARNING: [Synth 8-7129] Port instruction[23] in module control_unit is either unconnected or has no load
WARNING: [Synth 8-7129] Port instruction[22] in module control_unit is either unconnected or has no load
WARNING: [Synth 8-7129] Port instruction[21] in module control_unit is either unconnected or has no load
WARNING: [Synth 8-7129] Port instruction[20] in module control_unit is either unconnected or has no load
WARNING: [Synth 8-7129] Port instruction[19] in module control_unit is either unconnected or has no load
WARNING: [Synth 8-7129] Port instruction[18] in module control_unit is either unconnected or has no load
WARNING: [Synth 8-7129] Port instruction[17] in module control_unit is either unconnected or has no load
WARNING: [Synth 8-7129] Port instruction[16] in module control_unit is either unconnected or has no load
WARNING: [Synth 8-7129] Port instruction[15] in module control_unit is either unconnected or has no load
WARNING: [Synth 8-7129] Port instruction[11] in module control_unit is either unconnected or has no load
WARNING: [Synth 8-7129] Port instruction[10] in module control_unit is either unconnected or has no load
WARNING: [Synth 8-7129] Port instruction[9] in module control_unit is either unconnected or has no load
WARNING: [Synth 8-7129] Port instruction[8] in module control_unit is either unconnected or has no load
WARNING: [Synth 8-7129] Port instruction[7] in module control_unit is either unconnected or has no load
WARNING: [Synth 8-7129] Port reset in module simple_memory is either unconnected or has no load
WARNING: [Synth 8-7129] Port address[1] in module simple_memory is either unconnected or has no load
WARNING: [Synth 8-7129] Port address[0] in module simple_memory is either unconnected or has no load
---------------------------------------------------------------------------------
Finished RTL Elaboration : Time (s): cpu = 00:03:09 ; elapsed = 00:03:17 . Memory (MB): peak = 6192.875 ; gain = 5477.238
---------------------------------------------------------------------------------
---------------------------------------------------------------------------------
Start Handling Custom Attributes
---------------------------------------------------------------------------------
---------------------------------------------------------------------------------
Finished Handling Custom Attributes : Time (s): cpu = 00:03:20 ; elapsed = 00:03:28 . Memory (MB): peak = 6195.797 ; gain = 5480.160
---------------------------------------------------------------------------------
---------------------------------------------------------------------------------
Finished RTL Optimization Phase 1 : Time (s): cpu = 00:03:20 ; elapsed = 00:03:28 . Memory (MB): peak = 6195.797 ; gain = 5480.160
---------------------------------------------------------------------------------
Netlist sorting complete. Time (s): cpu = 00:00:16 ; elapsed = 00:00:16 . Memory (MB): peak = 6293.645 ; gain = 0.000
INFO: [Project 1-570] Preparing netlist for logic optimization

Processing XDC Constraints
Initializing timing engine
Parsing XDC File [C:/Users/minja/OneDrive/Documents/GitHub/5-Stage-Pipeline-RISC-V/constraints/basys3_riscv.xdc]
Finished Parsing XDC File [C:/Users/minja/OneDrive/Documents/GitHub/5-Stage-Pipeline-RISC-V/constraints/basys3_riscv.xdc]
INFO: [Project 1-236] Implementation specific constraints were found while reading constraint file [C:/Users/minja/OneDrive/Documents/GitHub/5-Stage-Pipeline-RISC-V/constraints/basys3_riscv.xdc]. These constraints will be ignored for synthesis but will be used in implementation. Impacted constraints are listed in the file [.Xil/basys3_riscv_top_propImpl.xdc].
Resolution: To avoid this warning, move constraints listed in [.Xil/basys3_riscv_top_propImpl.xdc] to another XDC file and exclude this new file from synthesis with the used_in_synthesis property (File Properties dialog in GUI) and re-run elaboration/synthesis.
Completed Processing XDC Constraints

Netlist sorting complete. Time (s): cpu = 00:00:01 ; elapsed = 00:00:00.197 . Memory (MB): peak = 6677.145 ; gain = 0.000
INFO: [Project 1-111] Unisim Transformation Summary:
No Unisim elements were transformed.

---------------------------------------------------------------------------------
Finished Constraint Validation : Time (s): cpu = 00:05:37 ; elapsed = 00:05:38 . Memory (MB): peak = 6677.145 ; gain = 5961.508
---------------------------------------------------------------------------------
---------------------------------------------------------------------------------
Start Loading Part and Timing Information
---------------------------------------------------------------------------------
Loading part: xc7a35tcpg236-1
---------------------------------------------------------------------------------
Finished Loading Part and Timing Information : Time (s): cpu = 00:05:37 ; elapsed = 00:05:38 . Memory (MB): peak = 6677.145 ; gain = 5961.508
---------------------------------------------------------------------------------
---------------------------------------------------------------------------------
Start Applying 'set_property' XDC Constraints
---------------------------------------------------------------------------------
---------------------------------------------------------------------------------
Finished applying 'set_property' XDC Constraints : Time (s): cpu = 00:05:37 ; elapsed = 00:05:39 . Memory (MB): peak = 6677.145 ; gain = 5961.508
---------------------------------------------------------------------------------
---------------------------------------------------------------------------------
Finished RTL Optimization Phase 2 : Time (s): cpu = 00:39:15 ; elapsed = 00:39:30 . Memory (MB): peak = 6677.145 ; gain = 5961.508
---------------------------------------------------------------------------------
---------------------------------------------------------------------------------
Start RTL Component Statistics 
---------------------------------------------------------------------------------
Detailed RTL Component Info : 
+---Adders : 
	   2 Input   32 Bit       Adders := 3     
	   2 Input    1 Bit       Adders := 1     
+---XORs : 
	   2 Input      1 Bit         XORs := 128   
	   3 Input      1 Bit         XORs := 1     
+---Registers : 
	               32 Bit    Registers := 48    
	                8 Bit    Registers := 8192  
	                5 Bit    Registers := 5     
	                4 Bit    Registers := 1     
	                3 Bit    Registers := 2     
	                2 Bit    Registers := 5     
	                1 Bit    Registers := 14    
+---Muxes : 
	   2 Input   32 Bit        Muxes := 8     
	   4 Input   32 Bit        Muxes := 8     
	   2 Input   16 Bit        Muxes := 1     
	   2 Input    8 Bit        Muxes := 30684 
	   4 Input    8 Bit        Muxes := 1     
	   8 Input    4 Bit        Muxes := 2     
	   2 Input    2 Bit        Muxes := 2     
	   2 Input    1 Bit        Muxes := 34817 
---------------------------------------------------------------------------------
Finished RTL Component Statistics 
---------------------------------------------------------------------------------
---------------------------------------------------------------------------------
Start Part Resource Summary
---------------------------------------------------------------------------------
Part Resources:
DSPs: 90 (col length:60)
BRAMs: 100 (col length: RAMB18 60 RAMB36 30)
---------------------------------------------------------------------------------
Finished Part Resource Summary
---------------------------------------------------------------------------------
---------------------------------------------------------------------------------
Start Cross Boundary and Area Optimization
---------------------------------------------------------------------------------
---------------------------------------------------------------------------------
Finished Cross Boundary and Area Optimization : Time (s): cpu = 00:42:37 ; elapsed = 00:42:54 . Memory (MB): peak = 6677.145 ; gain = 5961.508
---------------------------------------------------------------------------------
---------------------------------------------------------------------------------
Start Applying XDC Timing Constraints
---------------------------------------------------------------------------------
---------------------------------------------------------------------------------
Finished Applying XDC Timing Constraints : Time (s): cpu = 00:42:55 ; elapsed = 00:43:13 . Memory (MB): peak = 6677.145 ; gain = 5961.508
---------------------------------------------------------------------------------
---------------------------------------------------------------------------------
Start Timing Optimization
---------------------------------------------------------------------------------
---------------------------------------------------------------------------------
Finished Timing Optimization : Time (s): cpu = 00:42:57 ; elapsed = 00:43:15 . Memory (MB): peak = 6677.145 ; gain = 5961.508
---------------------------------------------------------------------------------
---------------------------------------------------------------------------------
Start Technology Mapping
---------------------------------------------------------------------------------
---------------------------------------------------------------------------------
Finished Technology Mapping : Time (s): cpu = 00:42:57 ; elapsed = 00:43:15 . Memory (MB): peak = 6677.145 ; gain = 5961.508
---------------------------------------------------------------------------------
---------------------------------------------------------------------------------
Start IO Insertion
---------------------------------------------------------------------------------
---------------------------------------------------------------------------------
Start Flattening Before IO Insertion
---------------------------------------------------------------------------------
---------------------------------------------------------------------------------
Finished Flattening Before IO Insertion
---------------------------------------------------------------------------------
---------------------------------------------------------------------------------
Start Final Netlist Cleanup
---------------------------------------------------------------------------------
---------------------------------------------------------------------------------
Finished Final Netlist Cleanup
---------------------------------------------------------------------------------
---------------------------------------------------------------------------------
Finished IO Insertion : Time (s): cpu = 00:43:03 ; elapsed = 00:43:22 . Memory (MB): peak = 6677.145 ; gain = 5961.508
---------------------------------------------------------------------------------
---------------------------------------------------------------------------------
Start Renaming Generated Instances
---------------------------------------------------------------------------------
---------------------------------------------------------------------------------
Finished Renaming Generated Instances : Time (s): cpu = 00:43:03 ; elapsed = 00:43:22 . Memory (MB): peak = 6677.145 ; gain = 5961.508
---------------------------------------------------------------------------------
---------------------------------------------------------------------------------
Start Rebuilding User Hierarchy
---------------------------------------------------------------------------------
---------------------------------------------------------------------------------
Finished Rebuilding User Hierarchy : Time (s): cpu = 00:43:03 ; elapsed = 00:43:22 . Memory (MB): peak = 6677.145 ; gain = 5961.508
---------------------------------------------------------------------------------
---------------------------------------------------------------------------------
Start Renaming Generated Ports
---------------------------------------------------------------------------------
---------------------------------------------------------------------------------
Finished Renaming Generated Ports : Time (s): cpu = 00:43:03 ; elapsed = 00:43:22 . Memory (MB): peak = 6677.145 ; gain = 5961.508
---------------------------------------------------------------------------------
---------------------------------------------------------------------------------
Start Handling Custom Attributes
---------------------------------------------------------------------------------
---------------------------------------------------------------------------------
Finished Handling Custom Attributes : Time (s): cpu = 00:43:03 ; elapsed = 00:43:22 . Memory (MB): peak = 6677.145 ; gain = 5961.508
---------------------------------------------------------------------------------
---------------------------------------------------------------------------------
Start Renaming Generated Nets
---------------------------------------------------------------------------------
---------------------------------------------------------------------------------
Finished Renaming Generated Nets : Time (s): cpu = 00:43:03 ; elapsed = 00:43:22 . Memory (MB): peak = 6677.145 ; gain = 5961.508
---------------------------------------------------------------------------------
---------------------------------------------------------------------------------
Start Writing Synthesis Report
---------------------------------------------------------------------------------

Report BlackBoxes: 
+-+--------------+----------+
| |BlackBox name |Instances |
+-+--------------+----------+
+-+--------------+----------+

Report Cell Usage: 
+------+-------+------+
|      |Cell   |Count |
+------+-------+------+
|1     |BUFG   |     1|
|2     |CARRY4 |     6|
|3     |LUT1   |     1|
|4     |LUT2   |     1|
|5     |LUT3   |     1|
|6     |FDRE   |    28|
|7     |IBUF   |     2|
|8     |OBUF   |    16|
+------+-------+------+
---------------------------------------------------------------------------------
Finished Writing Synthesis Report : Time (s): cpu = 00:43:03 ; elapsed = 00:43:22 . Memory (MB): peak = 6677.145 ; gain = 5961.508
---------------------------------------------------------------------------------
Synthesis finished with 0 errors, 0 critical warnings and 0 warnings.
Synthesis Optimization Runtime : Time (s): cpu = 00:37:59 ; elapsed = 00:41:45 . Memory (MB): peak = 6677.145 ; gain = 5480.160
Synthesis Optimization Complete : Time (s): cpu = 00:43:04 ; elapsed = 00:43:22 . Memory (MB): peak = 6677.145 ; gain = 5961.508
INFO: [Project 1-571] Translating synthesized netlist
Netlist sorting complete. Time (s): cpu = 00:00:00 ; elapsed = 00:00:00.001 . Memory (MB): peak = 6677.145 ; gain = 0.000
INFO: [Netlist 29-17] Analyzing 6 Unisim elements for replacement
INFO: [Netlist 29-28] Unisim Transformation completed in 0 CPU seconds
INFO: [Project 1-570] Preparing netlist for logic optimization
INFO: [Opt 31-138] Pushed 0 inverter(s) to 0 load pin(s).
Netlist sorting complete. Time (s): cpu = 00:00:00 ; elapsed = 00:00:00 . Memory (MB): peak = 6677.145 ; gain = 0.000
INFO: [Project 1-111] Unisim Transformation Summary:
No Unisim elements were transformed.

Synth Design complete | Checksum: a2f451a8
INFO: [Common 17-83] Releasing license: Synthesis
60 Infos, 34 Warnings, 0 Critical Warnings and 0 Errors encountered.
synth_design completed successfully
synth_design: Time (s): cpu = 00:43:11 ; elapsed = 00:43:47 . Memory (MB): peak = 6677.145 ; gain = 6152.457
Write ShapeDB Complete: Time (s): cpu = 00:00:00 ; elapsed = 00:00:00.001 . Memory (MB): peak = 6677.145 ; gain = 0.000
INFO: [Common 17-1381] The checkpoint 'C:/Users/minja/AppData/Local/Temp/basys3_riscv_vivado/project/basys3_riscv.runs/synth_1/basys3_riscv_top.dcp' has been generated.
INFO: [Vivado 12-24828] Executing command : report_utilization -file basys3_riscv_top_utilization_synth.rpt -pb basys3_riscv_top_utilization_synth.pb
INFO: [Common 17-206] Exiting Vivado at Fri Mar 27 00:19:12 2026...
[Fri Mar 27 00:19:16 2026] synth_1 finished
wait_on_runs: Time (s): cpu = 00:00:02 ; elapsed = 00:44:06 . Memory (MB): peak = 532.703 ; gain = 0.000
# launch_runs impl_1 -to_step write_bitstream -jobs 4
[Fri Mar 27 00:19:16 2026] Launched impl_1...
Run output will be captured here: C:/Users/minja/AppData/Local/Temp/basys3_riscv_vivado/project/basys3_riscv.runs/impl_1/runme.log
# wait_on_run impl_1
[Fri Mar 27 00:19:16 2026] Waiting for impl_1 to finish...

*** Running vivado
    with args -log basys3_riscv_top.vdi -applog -m64 -product Vivado -messageDb vivado.pb -mode batch -source basys3_riscv_top.tcl -notrace



****** Vivado v2025.2 (64-bit)
  **** SW Build 6299465 on Fri Nov 14 19:35:11 GMT 2025
  **** IP Build 6300035 on Fri Nov 14 10:48:45 MST 2025
  **** SharedData Build 6298862 on Thu Nov 13 04:50:51 MST 2025
  **** Start of session at: Fri Mar 27 00:19:24 2026
    ** Copyright 1986-2022 Xilinx, Inc. All Rights Reserved.
    ** Copyright 2022-2025 Advanced Micro Devices, Inc. All Rights Reserved.

source basys3_riscv_top.tcl -notrace
create_project: Time (s): cpu = 00:00:16 ; elapsed = 00:00:11 . Memory (MB): peak = 524.953 ; gain = 219.840
Command: link_design -top basys3_riscv_top -part xc7a35tcpg236-1
Design is defaulting to srcset: sources_1
Design is defaulting to constrset: constrs_1
INFO: [Device 21-403] Loading part xc7a35tcpg236-1
Netlist sorting complete. Time (s): cpu = 00:00:00 ; elapsed = 00:00:00 . Memory (MB): peak = 735.051 ; gain = 0.000
INFO: [Netlist 29-17] Analyzing 6 Unisim elements for replacement
INFO: [Netlist 29-28] Unisim Transformation completed in 0 CPU seconds
INFO: [Project 1-479] Netlist was created with Vivado 2025.2
INFO: [Project 1-570] Preparing netlist for logic optimization
Parsing XDC File [C:/Users/minja/OneDrive/Documents/GitHub/5-Stage-Pipeline-RISC-V/constraints/basys3_riscv.xdc]
CRITICAL WARNING: [Common 17-69] Command failed: 'Y3' is not a valid site or package pin name. [C:/Users/minja/OneDrive/Documents/GitHub/5-Stage-Pipeline-RISC-V/constraints/basys3_riscv.xdc:26]
CRITICAL WARNING: [Common 17-69] Command failed: 'Y1' is not a valid site or package pin name. [C:/Users/minja/OneDrive/Documents/GitHub/5-Stage-Pipeline-RISC-V/constraints/basys3_riscv.xdc:28]
CRITICAL WARNING: [Common 17-69] Command failed: 'W1' is not a valid site or package pin name. [C:/Users/minja/OneDrive/Documents/GitHub/5-Stage-Pipeline-RISC-V/constraints/basys3_riscv.xdc:29]
Finished Parsing XDC File [C:/Users/minja/OneDrive/Documents/GitHub/5-Stage-Pipeline-RISC-V/constraints/basys3_riscv.xdc]
INFO: [Opt 31-138] Pushed 0 inverter(s) to 0 load pin(s).
Netlist sorting complete. Time (s): cpu = 00:00:00 ; elapsed = 00:00:00 . Memory (MB): peak = 871.648 ; gain = 0.000
INFO: [Project 1-111] Unisim Transformation Summary:
No Unisim elements were transformed.

7 Infos, 0 Warnings, 3 Critical Warnings and 0 Errors encountered.
link_design completed successfully
link_design: Time (s): cpu = 00:00:04 ; elapsed = 00:00:06 . Memory (MB): peak = 875.703 ; gain = 350.750
Command: opt_design
Attempting to get a license for feature 'Implementation' and/or device 'xc7a35t'
INFO: [Common 17-349] Got license for feature 'Implementation' and/or device 'xc7a35t'
Running DRC as a precondition to command opt_design

Starting DRC Task
INFO: [DRC 23-27] Running DRC with 2 threads
INFO: [Project 1-461] DRC finished with 0 Errors
INFO: [Project 1-462] Please refer to the DRC report (report_drc) for more information.

Time (s): cpu = 00:00:01 ; elapsed = 00:00:00.995 . Memory (MB): peak = 894.109 ; gain = 18.406

Starting Cache Timing Information Task
INFO: [Timing 38-35] Done setting XDC timing constraints.
Ending Cache Timing Information Task | Checksum: 22c9c9e4f

Time (s): cpu = 00:00:06 ; elapsed = 00:00:07 . Memory (MB): peak = 1417.648 ; gain = 523.539

Starting Logic Optimization Task

Phase 1 Initialization

Phase 1.1 Core Generation And Design Setup
Phase 1.1 Core Generation And Design Setup | Checksum: 22c9c9e4f

Time (s): cpu = 00:00:00 ; elapsed = 00:00:00.004 . Memory (MB): peak = 1877.754 ; gain = 0.000

Phase 1.2 Setup Constraints And Sort Netlist
Phase 1.2 Setup Constraints And Sort Netlist | Checksum: 22c9c9e4f

Time (s): cpu = 00:00:00 ; elapsed = 00:00:00.007 . Memory (MB): peak = 1877.754 ; gain = 0.000
Phase 1 Initialization | Checksum: 22c9c9e4f

Time (s): cpu = 00:00:00 ; elapsed = 00:00:00.008 . Memory (MB): peak = 1877.754 ; gain = 0.000

Phase 2 Timer Update And Timing Data Collection

Phase 2.1 Detect if minReqCache needed
Phase 2.1 Detect if minReqCache needed | Checksum: 22c9c9e4f

Time (s): cpu = 00:00:00 ; elapsed = 00:00:00.026 . Memory (MB): peak = 1877.766 ; gain = 0.012

Phase 2.2 Timer Update
Phase 2.2 Timer Update | Checksum: 22c9c9e4f

Time (s): cpu = 00:00:00 ; elapsed = 00:00:00.039 . Memory (MB): peak = 1877.766 ; gain = 0.012

Phase 2.3 Timing Data Collection
Phase 2.3 Timing Data Collection | Checksum: 22c9c9e4f

Time (s): cpu = 00:00:00 ; elapsed = 00:00:00.040 . Memory (MB): peak = 1877.766 ; gain = 0.012
Phase 2 Timer Update And Timing Data Collection | Checksum: 22c9c9e4f

Time (s): cpu = 00:00:00 ; elapsed = 00:00:00.041 . Memory (MB): peak = 1877.766 ; gain = 0.012

Phase 3 Retarget
INFO: [Opt 31-1851] Number of loadless carry chains removed were: 0
INFO: [Opt 31-1834] Total Chains To Be Transformed Were: 0 AND Number of Transformed insts Created are: 0
INFO: [Opt 31-138] Pushed 0 inverter(s) to 0 load pin(s).
INFO: [Opt 31-49] Retargeted 0 cell(s).
Phase 3 Retarget | Checksum: 22c9c9e4f

Time (s): cpu = 00:00:00 ; elapsed = 00:00:00.061 . Memory (MB): peak = 1877.766 ; gain = 0.012
Retarget | Checksum: 22c9c9e4f
INFO: [Opt 31-389] Phase Retarget created 0 cells and removed 0 cells

Phase 4 Constant propagation
INFO: [Opt 31-138] Pushed 0 inverter(s) to 0 load pin(s).
Phase 4 Constant propagation | Checksum: 22c9c9e4f

Time (s): cpu = 00:00:00 ; elapsed = 00:00:00.068 . Memory (MB): peak = 1877.766 ; gain = 0.012
Constant propagation | Checksum: 22c9c9e4f
INFO: [Opt 31-389] Phase Constant propagation created 0 cells and removed 0 cells

Phase 5 Sweep
INFO: [Constraints 18-11670] Building netlist checker database with flags, 0x8
Done building netlist checker database: Time (s): cpu = 00:00:00 ; elapsed = 00:00:00 . Memory (MB): peak = 1877.766 ; gain = 0.000
Phase 5 Sweep | Checksum: 225067cbe

Time (s): cpu = 00:00:00 ; elapsed = 00:00:00.078 . Memory (MB): peak = 1877.766 ; gain = 0.012
Sweep | Checksum: 225067cbe
INFO: [Opt 31-389] Phase Sweep created 0 cells and removed 0 cells

Phase 6 BUFG optimization
Phase 6 BUFG optimization | Checksum: 225067cbe

Time (s): cpu = 00:00:00 ; elapsed = 00:00:00.097 . Memory (MB): peak = 1877.766 ; gain = 0.012
BUFG optimization | Checksum: 225067cbe
INFO: [Opt 31-662] Phase BUFG optimization created 0 cells of which 0 are BUFGs and removed 0 cells.

Phase 7 Shift Register Optimization
INFO: [Opt 31-1064] SRL Remap converted 0 SRLs to 0 registers and converted 0 registers of register chains to 0 SRLs
Phase 7 Shift Register Optimization | Checksum: 225067cbe

Time (s): cpu = 00:00:00 ; elapsed = 00:00:00.103 . Memory (MB): peak = 1877.766 ; gain = 0.012
Shift Register Optimization | Checksum: 225067cbe
INFO: [Opt 31-389] Phase Shift Register Optimization created 0 cells and removed 0 cells

Phase 8 Post Processing Netlist
Phase 8 Post Processing Netlist | Checksum: 225067cbe

Time (s): cpu = 00:00:00 ; elapsed = 00:00:00.107 . Memory (MB): peak = 1877.766 ; gain = 0.012
Post Processing Netlist | Checksum: 225067cbe
INFO: [Opt 31-389] Phase Post Processing Netlist created 0 cells and removed 0 cells

Phase 9 Finalization

Phase 9.1 Finalizing Design Cores and Updating Shapes
Phase 9.1 Finalizing Design Cores and Updating Shapes | Checksum: e936c736

Time (s): cpu = 00:00:00 ; elapsed = 00:00:00.118 . Memory (MB): peak = 1877.766 ; gain = 0.012

Phase 9.2 Verifying Netlist Connectivity

Starting Connectivity Check Task

Time (s): cpu = 00:00:00 ; elapsed = 00:00:00.010 . Memory (MB): peak = 1877.766 ; gain = 0.000
Phase 9.2 Verifying Netlist Connectivity | Checksum: e936c736

Time (s): cpu = 00:00:00 ; elapsed = 00:00:00.129 . Memory (MB): peak = 1877.766 ; gain = 0.012
Phase 9 Finalization | Checksum: e936c736

Time (s): cpu = 00:00:00 ; elapsed = 00:00:00.130 . Memory (MB): peak = 1877.766 ; gain = 0.012
Opt_design Change Summary
=========================


-------------------------------------------------------------------------------------------------------------------------
|  Phase                        |  #Cells created  |  #Cells Removed  |  #Constrained objects preventing optimizations  |
-------------------------------------------------------------------------------------------------------------------------
|  Retarget                     |               0  |               0  |                                              0  |
|  Constant propagation         |               0  |               0  |                                              0  |
|  Sweep                        |               0  |               0  |                                              0  |
|  BUFG optimization            |               0  |               0  |                                              0  |
|  Shift Register Optimization  |               0  |               0  |                                              0  |
|  Post Processing Netlist      |               0  |               0  |                                              0  |
-------------------------------------------------------------------------------------------------------------------------


Ending Logic Optimization Task | Checksum: e936c736

Time (s): cpu = 00:00:00 ; elapsed = 00:00:00.134 . Memory (MB): peak = 1877.766 ; gain = 0.012

Starting Power Optimization Task
INFO: [Pwropt 34-132] Skipping clock gating for clocks with a period < 2.00 ns.
Ending Power Optimization Task | Checksum: e936c736

Time (s): cpu = 00:00:00 ; elapsed = 00:00:00.030 . Memory (MB): peak = 1877.766 ; gain = 0.000

Starting Final Cleanup Task
Ending Final Cleanup Task | Checksum: e936c736

Time (s): cpu = 00:00:00 ; elapsed = 00:00:00 . Memory (MB): peak = 1877.766 ; gain = 0.000
Netlist sorting complete. Time (s): cpu = 00:00:00 ; elapsed = 00:00:00 . Memory (MB): peak = 1877.766 ; gain = 0.000
INFO: [Common 17-83] Releasing license: Implementation
27 Infos, 0 Warnings, 3 Critical Warnings and 0 Errors encountered.
opt_design completed successfully
opt_design: Time (s): cpu = 00:00:11 ; elapsed = 00:00:12 . Memory (MB): peak = 1877.766 ; gain = 1002.062
INFO: [Vivado 12-24828] Executing command : report_drc -file basys3_riscv_top_drc_opted.rpt -pb basys3_riscv_top_drc_opted.pb -rpx basys3_riscv_top_drc_opted.rpx
Command: report_drc -file basys3_riscv_top_drc_opted.rpt -pb basys3_riscv_top_drc_opted.pb -rpx basys3_riscv_top_drc_opted.rpx
INFO: [IP_Flow 19-234] Refreshing IP repositories
INFO: [IP_Flow 19-1704] No user IP repositories specified
INFO: [IP_Flow 19-2313] Loaded Vivado IP repository 'C:/AMDDesignTools/2025.2/Vivado/data/ip'.
INFO: [DRC 23-27] Running DRC with 2 threads
INFO: [Vivado_Tcl 2-168] The results of DRC are in file C:/Users/minja/AppData/Local/Temp/basys3_riscv_vivado/project/basys3_riscv.runs/impl_1/basys3_riscv_top_drc_opted.rpt.
report_drc completed successfully
INFO: [Timing 38-480] Writing timing data to binary archive.
Write ShapeDB Complete: Time (s): cpu = 00:00:00 ; elapsed = 00:00:00.002 . Memory (MB): peak = 1877.766 ; gain = 0.000
Wrote PlaceDB: Time (s): cpu = 00:00:00 ; elapsed = 00:00:00 . Memory (MB): peak = 1877.766 ; gain = 0.000
Wrote PulsedLatchDB: Time (s): cpu = 00:00:00 ; elapsed = 00:00:00.001 . Memory (MB): peak = 1877.766 ; gain = 0.000
Writing XDEF routing.
Writing XDEF routing logical nets.
Writing XDEF routing special nets.
Wrote RouteStorage: Time (s): cpu = 00:00:00 ; elapsed = 00:00:00.027 . Memory (MB): peak = 1877.766 ; gain = 0.000
Wrote PlaceStorage: Time (s): cpu = 00:00:00 ; elapsed = 00:00:00.001 . Memory (MB): peak = 1877.766 ; gain = 0.000
Wrote Netlist Cache: Time (s): cpu = 00:00:00 ; elapsed = 00:00:00 . Memory (MB): peak = 1877.766 ; gain = 0.000
Wrote Device Cache: Time (s): cpu = 00:00:00 ; elapsed = 00:00:00.010 . Memory (MB): peak = 1877.766 ; gain = 0.000
Write Physdb Complete: Time (s): cpu = 00:00:00 ; elapsed = 00:00:00.050 . Memory (MB): peak = 1877.766 ; gain = 0.000
INFO: [Common 17-1381] The checkpoint 'C:/Users/minja/AppData/Local/Temp/basys3_riscv_vivado/project/basys3_riscv.runs/impl_1/basys3_riscv_top_opt.dcp' has been generated.
Command: place_design
Attempting to get a license for feature 'Implementation' and/or device 'xc7a35t'
INFO: [Common 17-349] Got license for feature 'Implementation' and/or device 'xc7a35t'
INFO: [Common 17-83] Releasing license: Implementation
INFO: [DRC 23-27] Running DRC with 2 threads
INFO: [Vivado_Tcl 4-198] DRC finished with 0 Errors
INFO: [Vivado_Tcl 4-199] Please refer to the DRC report (report_drc) for more information.
INFO: [Timing 38-35] Done setting XDC timing constraints.
Running DRC as a precondition to command place_design
INFO: [DRC 23-27] Running DRC with 2 threads
INFO: [Vivado_Tcl 4-198] DRC finished with 0 Errors
INFO: [Vivado_Tcl 4-199] Please refer to the DRC report (report_drc) for more information.
INFO: [Place 30-611] Multithreading enabled for place_design using a maximum of 2 CPUs

Starting Placer Task

Phase 1 Placer Initialization

Phase 1.1 Placer Initialization Netlist Sorting
Netlist sorting complete. Time (s): cpu = 00:00:00 ; elapsed = 00:00:00 . Memory (MB): peak = 1877.766 ; gain = 0.000
Phase 1.1 Placer Initialization Netlist Sorting | Checksum: e3373748

Time (s): cpu = 00:00:00 ; elapsed = 00:00:00.008 . Memory (MB): peak = 1877.766 ; gain = 0.000
Netlist sorting complete. Time (s): cpu = 00:00:00 ; elapsed = 00:00:00 . Memory (MB): peak = 1877.766 ; gain = 0.000

Phase 1.2 IO Placement/ Clock Placement/ Build Placer Device
WARNING: [Place 30-87] Partially locked IO Bus is found. Following components of the IO Bus led are not locked:  'led[15]'  'led[14]'  'led[12]' 
Phase 1.2 IO Placement/ Clock Placement/ Build Placer Device | Checksum: 19523b97c

Time (s): cpu = 00:00:01 ; elapsed = 00:00:00.350 . Memory (MB): peak = 1877.766 ; gain = 0.000

Phase 1.3 Build Placer Netlist Model
Phase 1.3 Build Placer Netlist Model | Checksum: 27859ff9c

Time (s): cpu = 00:00:01 ; elapsed = 00:00:00.482 . Memory (MB): peak = 1877.766 ; gain = 0.000

Phase 1.4 Constrain Clocks/Macros
Phase 1.4 Constrain Clocks/Macros | Checksum: 27859ff9c

Time (s): cpu = 00:00:01 ; elapsed = 00:00:00.488 . Memory (MB): peak = 1877.766 ; gain = 0.000
Phase 1 Placer Initialization | Checksum: 27859ff9c

Time (s): cpu = 00:00:01 ; elapsed = 00:00:00.500 . Memory (MB): peak = 1877.766 ; gain = 0.000

Phase 2 Global Placement

Phase 2.1 Floorplanning
Phase 2.1 Floorplanning | Checksum: 2310dd271

Time (s): cpu = 00:00:01 ; elapsed = 00:00:00.534 . Memory (MB): peak = 1877.766 ; gain = 0.000

Phase 2.2 Update Timing before SLR Path Opt
Phase 2.2 Update Timing before SLR Path Opt | Checksum: 2227033df

Time (s): cpu = 00:00:01 ; elapsed = 00:00:00.548 . Memory (MB): peak = 1877.766 ; gain = 0.000

Phase 2.3 Post-Processing in Floorplanning
Phase 2.3 Post-Processing in Floorplanning | Checksum: 2227033df

Time (s): cpu = 00:00:01 ; elapsed = 00:00:00.551 . Memory (MB): peak = 1877.766 ; gain = 0.000

Phase 2.4 Global Place Phase1
Phase 2.4 Global Place Phase1 | Checksum: 258afb5f4

Time (s): cpu = 00:00:01 ; elapsed = 00:00:00.698 . Memory (MB): peak = 1877.766 ; gain = 0.000

Phase 2.5 Global Place Phase2

Phase 2.5.1 UpdateTiming Before Physical Synthesis
Phase 2.5.1 UpdateTiming Before Physical Synthesis | Checksum: 258afb5f4

Time (s): cpu = 00:00:01 ; elapsed = 00:00:00.721 . Memory (MB): peak = 1877.766 ; gain = 0.000

Phase 2.5.2 Physical Synthesis In Placer
INFO: [Physopt 32-1044] Break lutnm for timing: one critical 0, two critical 0, total 0, new lutff created 0
INFO: [Physopt 32-1138] End 1 Pass. Optimized 0 net or LUT. Breaked 0 LUT, combined 0 existing LUT and moved 0 existing LUT
INFO: [Physopt 32-65] No nets found for high-fanout optimization.
INFO: [Physopt 32-232] Optimized 0 net. Created 0 new instance.
INFO: [Physopt 32-775] End 1 Pass. Optimized 0 net or cell. Created 0 new cell, deleted 0 existing cell and moved 0 existing cell
INFO: [Physopt 32-670] No setup violation found.  DSP Register Optimization was not performed.
INFO: [Physopt 32-670] No setup violation found.  Shift Register to Pipeline Optimization was not performed.
INFO: [Physopt 32-670] No setup violation found.  Shift Register Optimization was not performed.
INFO: [Physopt 32-670] No setup violation found.  BRAM Register Optimization was not performed.
INFO: [Physopt 32-670] No setup violation found.  URAM Register Optimization was not performed.
INFO: [Physopt 32-949] No candidate nets found for dynamic/static region interface net replication
INFO: [Physopt 32-775] End 1 Pass. Optimized 0 net or cell. Created 0 new cell, deleted 0 existing cell and moved 0 existing cell
Netlist sorting complete. Time (s): cpu = 00:00:00 ; elapsed = 00:00:00 . Memory (MB): peak = 1877.766 ; gain = 0.000

Summary of Physical Synthesis Optimizations
============================================


-----------------------------------------------------------------------------------------------------------------------------------------------------------
|  Optimization                                     |  Added Cells  |  Removed Cells  |  Optimized Cells/Nets  |  Dont Touch  |  Iterations  |  Elapsed   |
-----------------------------------------------------------------------------------------------------------------------------------------------------------
|  LUT Combining                                    |            0  |              0  |                     0  |           0  |           1  |  00:00:00  |
|  Retime                                           |            0  |              0  |                     0  |           0  |           1  |  00:00:00  |
|  Very High Fanout                                 |            0  |              0  |                     0  |           0  |           1  |  00:00:00  |
|  DSP Register                                     |            0  |              0  |                     0  |           0  |           0  |  00:00:00  |
|  Shift Register to Pipeline                       |            0  |              0  |                     0  |           0  |           0  |  00:00:00  |
|  Shift Register                                   |            0  |              0  |                     0  |           0  |           0  |  00:00:00  |
|  BRAM Register                                    |            0  |              0  |                     0  |           0  |           0  |  00:00:00  |
|  URAM Register                                    |            0  |              0  |                     0  |           0  |           0  |  00:00:00  |
|  Dynamic/Static Region Interface Net Replication  |            0  |              0  |                     0  |           0  |           1  |  00:00:00  |
|  Total                                            |            0  |              0  |                     0  |           0  |           4  |  00:00:00  |
-----------------------------------------------------------------------------------------------------------------------------------------------------------


Phase 2.5.2 Physical Synthesis In Placer | Checksum: 258afb5f4

Time (s): cpu = 00:00:01 ; elapsed = 00:00:00.836 . Memory (MB): peak = 1877.766 ; gain = 0.000
Phase 2.5 Global Place Phase2 | Checksum: 2739f9807

Time (s): cpu = 00:00:02 ; elapsed = 00:00:00.909 . Memory (MB): peak = 1877.766 ; gain = 0.000
Phase 2 Global Placement | Checksum: 2739f9807

Time (s): cpu = 00:00:02 ; elapsed = 00:00:00.915 . Memory (MB): peak = 1877.766 ; gain = 0.000

Phase 3 Detail Placement

Phase 3.1 Commit Multi Column Macros
Phase 3.1 Commit Multi Column Macros | Checksum: 200bf66f4

Time (s): cpu = 00:00:02 ; elapsed = 00:00:00.936 . Memory (MB): peak = 1877.766 ; gain = 0.000

Phase 3.2 Commit Most Macros & LUTRAMs
Phase 3.2 Commit Most Macros & LUTRAMs | Checksum: 18b3bfd54

Time (s): cpu = 00:00:02 ; elapsed = 00:00:00.972 . Memory (MB): peak = 1877.766 ; gain = 0.000

Phase 3.3 Area Swap Optimization
Phase 3.3 Area Swap Optimization | Checksum: 1a78c399f

Time (s): cpu = 00:00:02 ; elapsed = 00:00:00.980 . Memory (MB): peak = 1877.766 ; gain = 0.000

Phase 3.4 Pipeline Register Optimization
Phase 3.4 Pipeline Register Optimization | Checksum: 1cc13d7d0

Time (s): cpu = 00:00:02 ; elapsed = 00:00:00.982 . Memory (MB): peak = 1877.766 ; gain = 0.000

Phase 3.5 Small Shape Detail Placement
Phase 3.5 Small Shape Detail Placement | Checksum: 11dbb2200

Time (s): cpu = 00:00:02 ; elapsed = 00:00:01 . Memory (MB): peak = 1877.766 ; gain = 0.000

Phase 3.6 Re-assign LUT pins
Phase 3.6 Re-assign LUT pins | Checksum: 11dbb2200

Time (s): cpu = 00:00:02 ; elapsed = 00:00:01 . Memory (MB): peak = 1877.766 ; gain = 0.000

Phase 3.7 Pipeline Register Optimization
Phase 3.7 Pipeline Register Optimization | Checksum: 17974c4b1

Time (s): cpu = 00:00:02 ; elapsed = 00:00:01 . Memory (MB): peak = 1877.766 ; gain = 0.000
Phase 3 Detail Placement | Checksum: 17974c4b1

Time (s): cpu = 00:00:02 ; elapsed = 00:00:01 . Memory (MB): peak = 1877.766 ; gain = 0.000

Phase 4 Post Placement Optimization and Clean-Up

Phase 4.1 Post Commit Optimization
INFO: [Timing 38-35] Done setting XDC timing constraints.

Phase 4.1.1 Post Placement Optimization
Post Placement Optimization Initialization | Checksum: 175fe45dd

Phase 4.1.1.1 BUFG Insertion

Starting Physical Synthesis Task

Phase 1 Physical Synthesis Initialization
INFO: [Physopt 32-721] Multithreading enabled for phys_opt_design using a maximum of 2 CPUs
INFO: [Physopt 32-619] Estimated Timing Summary | WNS=8.463 | TNS=0.000 |
Phase 1 Physical Synthesis Initialization | Checksum: 6ed2d73a

Time (s): cpu = 00:00:00 ; elapsed = 00:00:00.015 . Memory (MB): peak = 1877.766 ; gain = 0.000
INFO: [Place 46-56] BUFG insertion identified 0 candidate nets. Inserted BUFG: 0, Replicated BUFG Driver: 0, Skipped due to Placement/Routing Conflicts: 0, Skipped due to Timing Degradation: 0, Skipped due to netlist editing failed: 0.
Ending Physical Synthesis Task | Checksum: 12314553d

Time (s): cpu = 00:00:00 ; elapsed = 00:00:00.018 . Memory (MB): peak = 1877.766 ; gain = 0.000
Phase 4.1.1.1 BUFG Insertion | Checksum: 175fe45dd

Time (s): cpu = 00:00:02 ; elapsed = 00:00:01 . Memory (MB): peak = 1877.766 ; gain = 0.000

Phase 4.1.1.2 Post Placement Timing Optimization
INFO: [Place 30-746] Post Placement Timing Summary WNS=8.463. For the most accurate timing information please run report_timing.
Phase 4.1.1.2 Post Placement Timing Optimization | Checksum: 1c63c7a08

Time (s): cpu = 00:00:02 ; elapsed = 00:00:01 . Memory (MB): peak = 1877.766 ; gain = 0.000

Time (s): cpu = 00:00:02 ; elapsed = 00:00:01 . Memory (MB): peak = 1877.766 ; gain = 0.000
Phase 4.1 Post Commit Optimization | Checksum: 1c63c7a08

Time (s): cpu = 00:00:02 ; elapsed = 00:00:01 . Memory (MB): peak = 1877.766 ; gain = 0.000

Phase 4.2 Post Placement Cleanup
Phase 4.2 Post Placement Cleanup | Checksum: 1c63c7a08

Time (s): cpu = 00:00:02 ; elapsed = 00:00:01 . Memory (MB): peak = 1877.766 ; gain = 0.000

Phase 4.3 Placer Reporting

Phase 4.3.1 Print Estimated Congestion
INFO: [Place 30-612] Post-Placement Estimated Congestion 
 ____________________________________________________
|           | Global Congestion | Short Congestion  |
| Direction | Region Size       | Region Size       |
|___________|___________________|___________________|
|      North|                1x1|                1x1|
|___________|___________________|___________________|
|      South|                1x1|                1x1|
|___________|___________________|___________________|
|       East|                1x1|                1x1|
|___________|___________________|___________________|
|       West|                1x1|                1x1|
|___________|___________________|___________________|

Phase 4.3.1 Print Estimated Congestion | Checksum: 1c63c7a08

Time (s): cpu = 00:00:02 ; elapsed = 00:00:01 . Memory (MB): peak = 1877.766 ; gain = 0.000
Phase 4.3 Placer Reporting | Checksum: 1c63c7a08

Time (s): cpu = 00:00:02 ; elapsed = 00:00:01 . Memory (MB): peak = 1877.766 ; gain = 0.000

Phase 4.4 Final Placement Cleanup
Netlist sorting complete. Time (s): cpu = 00:00:00 ; elapsed = 00:00:00.001 . Memory (MB): peak = 1877.766 ; gain = 0.000

Time (s): cpu = 00:00:02 ; elapsed = 00:00:01 . Memory (MB): peak = 1877.766 ; gain = 0.000
Phase 4 Post Placement Optimization and Clean-Up | Checksum: 2090c4f0d

Time (s): cpu = 00:00:02 ; elapsed = 00:00:01 . Memory (MB): peak = 1877.766 ; gain = 0.000
Ending Placer Task | Checksum: 15fe49a54

Time (s): cpu = 00:00:02 ; elapsed = 00:00:01 . Memory (MB): peak = 1877.766 ; gain = 0.000
63 Infos, 1 Warnings, 3 Critical Warnings and 0 Errors encountered.
place_design completed successfully
INFO: [Vivado 12-24838] Running report commands "report_control_sets, report_io, report_utilization" in parallel.
Running report generation with 2 threads.
INFO: [Vivado 12-24828] Executing command : report_utilization -file basys3_riscv_top_utilization_placed.rpt -pb basys3_riscv_top_utilization_placed.pb
INFO: [Vivado 12-24828] Executing command : report_control_sets -verbose -file basys3_riscv_top_control_sets_placed.rpt
report_control_sets: Time (s): cpu = 00:00:00 ; elapsed = 00:00:00.004 . Memory (MB): peak = 1877.766 ; gain = 0.000
INFO: [Vivado 12-24828] Executing command : report_io -file basys3_riscv_top_io_placed.rpt
report_io: Time (s): cpu = 00:00:00 ; elapsed = 00:00:00.131 . Memory (MB): peak = 1877.766 ; gain = 0.000
Write ShapeDB Complete: Time (s): cpu = 00:00:00 ; elapsed = 00:00:00.002 . Memory (MB): peak = 1877.766 ; gain = 0.000
INFO: [Timing 38-480] Writing timing data to binary archive.
Wrote PlaceDB: Time (s): cpu = 00:00:00 ; elapsed = 00:00:00 . Memory (MB): peak = 1877.766 ; gain = 0.000
Wrote PulsedLatchDB: Time (s): cpu = 00:00:00 ; elapsed = 00:00:00 . Memory (MB): peak = 1877.766 ; gain = 0.000
Writing XDEF routing.
Writing XDEF routing logical nets.
Writing XDEF routing special nets.
Wrote RouteStorage: Time (s): cpu = 00:00:00 ; elapsed = 00:00:00.024 . Memory (MB): peak = 1877.766 ; gain = 0.000
Wrote PlaceStorage: Time (s): cpu = 00:00:00 ; elapsed = 00:00:00.004 . Memory (MB): peak = 1877.766 ; gain = 0.000
Wrote Netlist Cache: Time (s): cpu = 00:00:00 ; elapsed = 00:00:00.001 . Memory (MB): peak = 1877.766 ; gain = 0.000
Wrote Device Cache: Time (s): cpu = 00:00:00 ; elapsed = 00:00:00.010 . Memory (MB): peak = 1877.766 ; gain = 0.000
Write Physdb Complete: Time (s): cpu = 00:00:00 ; elapsed = 00:00:00.052 . Memory (MB): peak = 1877.766 ; gain = 0.000
INFO: [Common 17-1381] The checkpoint 'C:/Users/minja/AppData/Local/Temp/basys3_riscv_vivado/project/basys3_riscv.runs/impl_1/basys3_riscv_top_placed.dcp' has been generated.
Command: phys_opt_design
Attempting to get a license for feature 'Implementation' and/or device 'xc7a35t'
INFO: [Common 17-349] Got license for feature 'Implementation' and/or device 'xc7a35t'

Starting Initial Update Timing Task

Time (s): cpu = 00:00:00 ; elapsed = 00:00:00.022 . Memory (MB): peak = 1877.766 ; gain = 0.000
INFO: [Vivado_Tcl 4-2279] Estimated Timing Summary | WNS= 8.463 | TNS= 0.000 | 
INFO: [Vivado_Tcl 4-383] Design worst setup slack (WNS) is greater than or equal to 0.000 ns. All physical synthesis setup optimizations will be skipped.
INFO: [Vivado_Tcl 4-232] No setup violation found. The netlist was not modified.
INFO: [Common 17-83] Releasing license: Implementation
74 Infos, 1 Warnings, 3 Critical Warnings and 0 Errors encountered.
phys_opt_design completed successfully
Write ShapeDB Complete: Time (s): cpu = 00:00:00 ; elapsed = 00:00:00.002 . Memory (MB): peak = 1877.766 ; gain = 0.000
INFO: [Timing 38-480] Writing timing data to binary archive.
Wrote PlaceDB: Time (s): cpu = 00:00:00 ; elapsed = 00:00:00 . Memory (MB): peak = 1877.766 ; gain = 0.000
Wrote PulsedLatchDB: Time (s): cpu = 00:00:00 ; elapsed = 00:00:00 . Memory (MB): peak = 1877.766 ; gain = 0.000
Writing XDEF routing.
Writing XDEF routing logical nets.
Writing XDEF routing special nets.
Wrote RouteStorage: Time (s): cpu = 00:00:00 ; elapsed = 00:00:00.021 . Memory (MB): peak = 1877.766 ; gain = 0.000
Wrote PlaceStorage: Time (s): cpu = 00:00:00 ; elapsed = 00:00:00.003 . Memory (MB): peak = 1877.766 ; gain = 0.000
Wrote Netlist Cache: Time (s): cpu = 00:00:00 ; elapsed = 00:00:00.001 . Memory (MB): peak = 1877.766 ; gain = 0.000
Wrote Device Cache: Time (s): cpu = 00:00:00 ; elapsed = 00:00:00.010 . Memory (MB): peak = 1877.766 ; gain = 0.000
Write Physdb Complete: Time (s): cpu = 00:00:00 ; elapsed = 00:00:00.046 . Memory (MB): peak = 1877.766 ; gain = 0.000
INFO: [Common 17-1381] The checkpoint 'C:/Users/minja/AppData/Local/Temp/basys3_riscv_vivado/project/basys3_riscv.runs/impl_1/basys3_riscv_top_physopt.dcp' has been generated.
Command: route_design
Attempting to get a license for feature 'Implementation' and/or device 'xc7a35t'
INFO: [Common 17-349] Got license for feature 'Implementation' and/or device 'xc7a35t'


Starting Routing Task
INFO: [Route 35-254] Multithreading enabled for route_design using a maximum of 2 CPUs

Phase 1 Build RT Design
Checksum: PlaceDB: 6ca9a23a ConstDB: 0 ShapeSum: 52b99bc3 RouteDB: a0815c57
Post Restoration Checksum: NetGraph: 9778ffd9 | NumContArr: 9250a33e | Constraints: c2a8fa9d | Timing: c2a8fa9d
Phase 1 Build RT Design | Checksum: 2af1b9851

Time (s): cpu = 00:00:25 ; elapsed = 00:00:23 . Memory (MB): peak = 1877.766 ; gain = 0.000

Phase 2 Router Initialization

Phase 2.1 Fix Topology Constraints
Phase 2.1 Fix Topology Constraints | Checksum: 2af1b9851

Time (s): cpu = 00:00:25 ; elapsed = 00:00:23 . Memory (MB): peak = 1877.766 ; gain = 0.000

Phase 2.2 Pre Route Cleanup
Phase 2.2 Pre Route Cleanup | Checksum: 2af1b9851

Time (s): cpu = 00:00:25 ; elapsed = 00:00:23 . Memory (MB): peak = 1877.766 ; gain = 0.000
 Number of Nodes with overlaps = 0

Phase 2.3 Update Timing
Phase 2.3 Update Timing | Checksum: 16063253f

Time (s): cpu = 00:00:25 ; elapsed = 00:00:23 . Memory (MB): peak = 1877.766 ; gain = 0.000
INFO: [Route 35-416] Intermediate Timing Summary | WNS=8.380  | TNS=0.000  | WHS=-0.017 | THS=-0.017 |


Phase 2.4 Soft Constraint Pins - Fast Budgeting
Phase 2.4 Soft Constraint Pins - Fast Budgeting | Checksum: 114435337

Time (s): cpu = 00:00:25 ; elapsed = 00:00:23 . Memory (MB): peak = 1877.766 ; gain = 0.000

Router Utilization Summary
  Global Vertical Routing Utilization    = 0.000637806 %
  Global Horizontal Routing Utilization  = 0.000390422 %
  Routable Net Status*
  *Does not include unroutable nets such as driverless and loadless.
  Run report_route_status for detailed report.
  Number of Failed Nets               = 34
    (Failed Nets is the sum of unrouted and partially routed nets)
  Number of Unrouted Nets             = 33
  Number of Partially Routed Nets     = 1
  Number of Node Overlaps             = 0

Phase 2 Router Initialization | Checksum: 114435337

Time (s): cpu = 00:00:25 ; elapsed = 00:00:24 . Memory (MB): peak = 1877.766 ; gain = 0.000

Phase 3 Global Routing
Phase 3 Global Routing | Checksum: 114435337

Time (s): cpu = 00:00:25 ; elapsed = 00:00:24 . Memory (MB): peak = 1877.766 ; gain = 0.000

Phase 4 Initial Routing

Phase 4.1 Initial Net Routing Pass
Phase 4.1 Initial Net Routing Pass | Checksum: 2b2dc43a3

Time (s): cpu = 00:00:25 ; elapsed = 00:00:24 . Memory (MB): peak = 1877.766 ; gain = 0.000
Phase 4 Initial Routing | Checksum: 2b2dc43a3

Time (s): cpu = 00:00:25 ; elapsed = 00:00:24 . Memory (MB): peak = 1877.766 ; gain = 0.000

Phase 5 Rip-up And Reroute

Phase 5.1 Global Iteration 0
 Number of Nodes with overlaps = 0
INFO: [Route 35-416] Intermediate Timing Summary | WNS=8.022  | TNS=0.000  | WHS=N/A    | THS=N/A    |

Phase 5.1 Global Iteration 0 | Checksum: 2119a161e

Time (s): cpu = 00:00:26 ; elapsed = 00:00:24 . Memory (MB): peak = 1877.766 ; gain = 0.000
Phase 5 Rip-up And Reroute | Checksum: 2119a161e

Time (s): cpu = 00:00:26 ; elapsed = 00:00:24 . Memory (MB): peak = 1877.766 ; gain = 0.000

Phase 6 Delay and Skew Optimization

Phase 6.1 Delay CleanUp
Phase 6.1 Delay CleanUp | Checksum: 2119a161e

Time (s): cpu = 00:00:26 ; elapsed = 00:00:24 . Memory (MB): peak = 1877.766 ; gain = 0.000

Phase 6.2 Clock Skew Optimization
Phase 6.2 Clock Skew Optimization | Checksum: 2119a161e

Time (s): cpu = 00:00:26 ; elapsed = 00:00:24 . Memory (MB): peak = 1877.766 ; gain = 0.000
Phase 6 Delay and Skew Optimization | Checksum: 2119a161e

Time (s): cpu = 00:00:26 ; elapsed = 00:00:24 . Memory (MB): peak = 1877.766 ; gain = 0.000

Phase 7 Post Hold Fix

Phase 7.1 Hold Fix Iter
INFO: [Route 35-416] Intermediate Timing Summary | WNS=8.115  | TNS=0.000  | WHS=0.242  | THS=0.000  |

Phase 7.1 Hold Fix Iter | Checksum: 1c8340e22

Time (s): cpu = 00:00:26 ; elapsed = 00:00:24 . Memory (MB): peak = 1877.766 ; gain = 0.000
Phase 7 Post Hold Fix | Checksum: 1c8340e22

Time (s): cpu = 00:00:26 ; elapsed = 00:00:24 . Memory (MB): peak = 1877.766 ; gain = 0.000

Phase 8 Route finalize

Router Utilization Summary
  Global Vertical Routing Utilization    = 0.0460815 %
  Global Horizontal Routing Utilization  = 0.0348777 %
  Routable Net Status*
  *Does not include unroutable nets such as driverless and loadless.
  Run report_route_status for detailed report.
  Number of Failed Nets               = 0
    (Failed Nets is the sum of unrouted and partially routed nets)
  Number of Unrouted Nets             = 0
  Number of Partially Routed Nets     = 0
  Number of Node Overlaps             = 0

Phase 8 Route finalize | Checksum: 1c8340e22

Time (s): cpu = 00:00:26 ; elapsed = 00:00:24 . Memory (MB): peak = 1877.766 ; gain = 0.000

Phase 9 Verifying routed nets

 Verification completed successfully
Phase 9 Verifying routed nets | Checksum: 1c8340e22

Time (s): cpu = 00:00:26 ; elapsed = 00:00:24 . Memory (MB): peak = 1877.766 ; gain = 0.000

Phase 10 Depositing Routes
Phase 10 Depositing Routes | Checksum: 1d6afc2b2

Time (s): cpu = 00:00:26 ; elapsed = 00:00:24 . Memory (MB): peak = 1877.766 ; gain = 0.000

Phase 11 Post Process Routing
Phase 11 Post Process Routing | Checksum: 1d6afc2b2

Time (s): cpu = 00:00:26 ; elapsed = 00:00:24 . Memory (MB): peak = 1877.766 ; gain = 0.000

Phase 12 Post Router Timing
INFO: [Route 35-57] Estimated Timing Summary | WNS=8.115  | TNS=0.000  | WHS=0.242  | THS=0.000  |

INFO: [Route 35-327] The final timing numbers are based on the router estimated timing analysis. For a complete and accurate timing signoff, please run report_timing_summary.
Phase 12 Post Router Timing | Checksum: 1d6afc2b2

Time (s): cpu = 00:00:26 ; elapsed = 00:00:24 . Memory (MB): peak = 1877.766 ; gain = 0.000
Total Elapsed time in route_design: 23.822 secs

Phase 13 Post-Route Event Processing
Phase 13 Post-Route Event Processing | Checksum: 18c72fe45

Time (s): cpu = 00:00:26 ; elapsed = 00:00:24 . Memory (MB): peak = 1877.766 ; gain = 0.000
INFO: [Route 35-16] Router Completed Successfully
Ending Routing Task | Checksum: 18c72fe45

Time (s): cpu = 00:00:26 ; elapsed = 00:00:24 . Memory (MB): peak = 1877.766 ; gain = 0.000

Routing Is Done.
INFO: [Common 17-83] Releasing license: Implementation
85 Infos, 1 Warnings, 3 Critical Warnings and 0 Errors encountered.
route_design completed successfully
route_design: Time (s): cpu = 00:00:26 ; elapsed = 00:00:24 . Memory (MB): peak = 1877.766 ; gain = 0.000
INFO: [Vivado 12-24828] Executing command : report_drc -file basys3_riscv_top_drc_routed.rpt -pb basys3_riscv_top_drc_routed.pb -rpx basys3_riscv_top_drc_routed.rpx
Command: report_drc -file basys3_riscv_top_drc_routed.rpt -pb basys3_riscv_top_drc_routed.pb -rpx basys3_riscv_top_drc_routed.rpx
INFO: [IP_Flow 19-1839] IP Catalog is up to date.
INFO: [DRC 23-27] Running DRC with 2 threads
INFO: [Vivado_Tcl 2-168] The results of DRC are in file C:/Users/minja/AppData/Local/Temp/basys3_riscv_vivado/project/basys3_riscv.runs/impl_1/basys3_riscv_top_drc_routed.rpt.
report_drc completed successfully
INFO: [Vivado 12-24828] Executing command : report_methodology -file basys3_riscv_top_methodology_drc_routed.rpt -pb basys3_riscv_top_methodology_drc_routed.pb -rpx basys3_riscv_top_methodology_drc_routed.rpx
Command: report_methodology -file basys3_riscv_top_methodology_drc_routed.rpt -pb basys3_riscv_top_methodology_drc_routed.pb -rpx basys3_riscv_top_methodology_drc_routed.rpx
INFO: [Timing 38-35] Done setting XDC timing constraints.
INFO: [DRC 23-133] Running Methodology with 2 threads
INFO: [Vivado_Tcl 2-1520] The results of Report Methodology are in file C:/Users/minja/AppData/Local/Temp/basys3_riscv_vivado/project/basys3_riscv.runs/impl_1/basys3_riscv_top_methodology_drc_routed.rpt.
report_methodology completed successfully
INFO: [Vivado 12-24828] Executing command : report_timing_summary -max_paths 10 -routable_nets -report_unconstrained -file basys3_riscv_top_timing_summary_routed.rpt -pb basys3_riscv_top_timing_summary_routed.pb -rpx basys3_riscv_top_timing_summary_routed.rpx -warn_on_violation 
INFO: [Timing 38-35] Done setting XDC timing constraints.
INFO: [Timing 38-91] UpdateTimingParams: Speed grade: -1, Delay Type: min_max.
INFO: [Timing 38-191] Multithreading enabled for timing update using a maximum of 2 CPUs
INFO: [Vivado 12-24838] Running report commands "report_incremental_reuse, report_route_status" in parallel.
Running report generation with 2 threads.
INFO: [Vivado 12-24828] Executing command : report_incremental_reuse -file basys3_riscv_top_incremental_reuse_routed.rpt
INFO: [Vivado_Tcl 4-1062] Incremental flow is disabled. No incremental reuse Info to report.
INFO: [Vivado 12-24828] Executing command : report_route_status -file basys3_riscv_top_route_status.rpt -pb basys3_riscv_top_route_status.pb
INFO: [Vivado 12-24828] Executing command : report_power -file basys3_riscv_top_power_routed.rpt -pb basys3_riscv_top_power_summary_routed.pb -rpx basys3_riscv_top_power_routed.rpx
Command: report_power -file basys3_riscv_top_power_routed.rpt -pb basys3_riscv_top_power_summary_routed.pb -rpx basys3_riscv_top_power_routed.rpx
Running Vector-less Activity Propagation...

Finished Running Vector-less Activity Propagation
102 Infos, 1 Warnings, 3 Critical Warnings and 0 Errors encountered.
report_power completed successfully
INFO: [Vivado 12-24828] Executing command : report_clock_utilization -file basys3_riscv_top_clock_utilization_routed.rpt
INFO: [Vivado 12-24828] Executing command : report_bus_skew -warn_on_violation -file basys3_riscv_top_bus_skew_routed.rpt -pb basys3_riscv_top_bus_skew_routed.pb -rpx basys3_riscv_top_bus_skew_routed.rpx
INFO: [Timing 38-91] UpdateTimingParams: Speed grade: -1, Delay Type: min_max.
INFO: [Timing 38-191] Multithreading enabled for timing update using a maximum of 2 CPUs
Write ShapeDB Complete: Time (s): cpu = 00:00:00 ; elapsed = 00:00:00.002 . Memory (MB): peak = 1877.766 ; gain = 0.000
INFO: [Timing 38-480] Writing timing data to binary archive.
Wrote PlaceDB: Time (s): cpu = 00:00:00 ; elapsed = 00:00:00 . Memory (MB): peak = 1877.766 ; gain = 0.000
Wrote PulsedLatchDB: Time (s): cpu = 00:00:00 ; elapsed = 00:00:00 . Memory (MB): peak = 1877.766 ; gain = 0.000
Writing XDEF routing.
Writing XDEF routing logical nets.
Writing XDEF routing special nets.
Wrote RouteStorage: Time (s): cpu = 00:00:00 ; elapsed = 00:00:00.024 . Memory (MB): peak = 1877.766 ; gain = 0.000
Wrote PlaceStorage: Time (s): cpu = 00:00:00 ; elapsed = 00:00:00.004 . Memory (MB): peak = 1877.766 ; gain = 0.000
Wrote Netlist Cache: Time (s): cpu = 00:00:00 ; elapsed = 00:00:00 . Memory (MB): peak = 1877.766 ; gain = 0.000
Wrote Device Cache: Time (s): cpu = 00:00:00 ; elapsed = 00:00:00.010 . Memory (MB): peak = 1877.766 ; gain = 0.000
Write Physdb Complete: Time (s): cpu = 00:00:00 ; elapsed = 00:00:00.050 . Memory (MB): peak = 1877.766 ; gain = 0.000
INFO: [Common 17-1381] The checkpoint 'C:/Users/minja/AppData/Local/Temp/basys3_riscv_vivado/project/basys3_riscv.runs/impl_1/basys3_riscv_top_routed.dcp' has been generated.
Command: write_bitstream -force basys3_riscv_top.bit
Attempting to get a license for feature 'Implementation' and/or device 'xc7a35t'
INFO: [Common 17-349] Got license for feature 'Implementation' and/or device 'xc7a35t'
Running DRC as a precondition to command write_bitstream
INFO: [IP_Flow 19-1839] IP Catalog is up to date.
INFO: [DRC 23-27] Running DRC with 2 threads
ERROR: [DRC NSTD-1] Unspecified I/O Standard: 3 out of 18 logical ports use I/O standard (IOSTANDARD) value 'DEFAULT', instead of a user assigned specific value. This may cause I/O contention or incompatibility with the board power or connectivity affecting performance, signal integrity or in extreme cases cause damage to the device or the components to which it is connected. To correct this violation, specify all I/O standards. This design will fail to generate a bitstream unless all logical ports have a user specified I/O standard value defined. To allow bitstream creation with unspecified I/O standard values (not recommended), use this command: set_property SEVERITY {Warning} [get_drc_checks NSTD-1].  NOTE: When using the Vivado Runs infrastructure (e.g. launch_runs Tcl command), add this command to a .tcl file and add that file as a pre-hook for write_bitstream step for the implementation run. Problem ports: led[15], led[14], and led[12].
ERROR: [DRC UCIO-1] Unconstrained Logical Port: 3 out of 18 logical ports have no user assigned specific location constraint (LOC). This may cause I/O contention or incompatibility with the board power or connectivity affecting performance, signal integrity or in extreme cases cause damage to the device or the components to which it is connected. To correct this violation, specify all pin locations. This design will fail to generate a bitstream unless all logical ports have a user specified site LOC constraint defined.  To allow bitstream creation with unspecified pin locations (not recommended), use this command: set_property SEVERITY {Warning} [get_drc_checks UCIO-1].  NOTE: When using the Vivado Runs infrastructure (e.g. launch_runs Tcl command), add this command to a .tcl file and add that file as a pre-hook for write_bitstream step for the implementation run.  Problem ports: led[15], led[14], and led[12].
INFO: [Vivado 12-3199] DRC finished with 2 Errors
INFO: [Vivado 12-3200] Please refer to the DRC report (report_drc) for more information.
ERROR: [Vivado 12-1345] Error(s) found during DRC. Bitgen not run.
INFO: [Common 17-83] Releasing license: Implementation
114 Infos, 1 Warnings, 3 Critical Warnings and 3 Errors encountered.
write_bitstream failed
ERROR: [Common 17-39] 'write_bitstream' failed due to earlier errors.

INFO: [Common 17-206] Exiting Vivado at Fri Mar 27 00:20:35 2026...
[Fri Mar 27 00:20:37 2026] impl_1 finished
ERROR: [Vivado 12-13638] Failed runs(s) : 'impl_1'
wait_on_runs: Time (s): cpu = 00:00:00 ; elapsed = 00:01:21 . Memory (MB): peak = 532.703 ; gain = 0.000
ERROR: [Common 17-39] 'wait_on_runs' failed due to earlier errors.

    while executing
"wait_on_run impl_1"
    (file "C:\Users\minja\AppData\Local\Temp\basys3_riscv_vivado\build_basys3_riscv.tcl" line 37)
INFO: [Common 17-206] Exiting Vivado at Fri Mar 27 00:20:37 2026...
