#-----------------------------------------------------------
# Vivado v2025.2 (64-bit)
# SW Build 6299465 on Fri Nov 14 19:35:11 GMT 2025
# IP Build 6300035 on Fri Nov 14 10:48:45 MST 2025
# SharedData Build 6298862 on Thu Nov 13 04:50:51 MST 2025
# Start of session at: Fri Mar 27 02:55:45 2026
# Process ID         : 30736
# Current directory  : C:/Users/minja/OneDrive/Documents/GitHub/5-Stage-Pipeline-RISC-V
# Command line       : vivado.exe -mode batch -source C:\Users\minja\AppData\Local\Temp\basys3_riscv_vivado_uart3_synth\build_basys3_riscv_uart_synth.tcl
# Log file           : C:/Users/minja/OneDrive/Documents/GitHub/5-Stage-Pipeline-RISC-V/vivado.log
# Journal file       : C:/Users/minja/OneDrive/Documents/GitHub/5-Stage-Pipeline-RISC-V\vivado.jou
# Running On         : Mintopus
# Platform           : Windows Server 2016 or Windows 10
# Operating System   : 26200
# Processor Detail   : AMD Ryzen 9 6900HS with Radeon Graphics        
# CPU Frequency      : 3294 MHz
# CPU Physical cores : 8
# CPU Logical cores  : 16
# Host memory        : 38365 MB
# Swap memory        : 2415 MB
# Total Virtual      : 40781 MB
# Available Virtual  : 10064 MB
#-----------------------------------------------------------
source {C:\Users\minja\AppData\Local\Temp\basys3_riscv_vivado_uart3_synth\build_basys3_riscv_uart_synth.tcl}
# set repo_root  [file normalize "C:/Users/minja/OneDrive/Documents/GitHub/5-Stage-Pipeline-RISC-V"]
# set proj_name  basys3_riscv_uart
# set proj_dir   [file normalize [file join "C:/Users/minja/AppData/Local/Temp/basys3_riscv_vivado_uart3_synth" project]]
# set src_dir    [file join $repo_root src]
# set constr_dir [file join $repo_root constraints]
# file mkdir $proj_dir
# create_project -force $proj_name $proj_dir -part xc7a35tcpg236-1
create_project: Time (s): cpu = 00:00:10 ; elapsed = 00:00:08 . Memory (MB): peak = 526.332 ; gain = 220.402
# set design_sources [list \
#   [file join $src_dir basys3_riscv_top.sv] \
#   [file join $src_dir uart_tx.sv] \
#   [file join $src_dir riscv_cpu_top.sv] \
#   [file join $src_dir program_counter.sv] \
#   [file join $src_dir simple_memory.sv] \
#   [file join $src_dir pipeline_if_id.sv] \
#   [file join $src_dir pipeline_id_ex.sv] \
#   [file join $src_dir pipeline_ex_mem.sv] \
#   [file join $src_dir pipeline_mem_wb.sv] \
#   [file join $src_dir control_unit.sv] \
#   [file join $src_dir register_file.sv] \
#   [file join $src_dir immediate_generator.sv] \
#   [file join $src_dir forwarding_unit.sv] \
#   [file join $src_dir riscv_alu.sv] \
#   [file join $src_dir branch_unit.sv] \
#   [file join $src_dir load_store_unit.sv] \
# ]
# set mem_init [file join $src_dir imem_program.hex]
# add_files -fileset sources_1 $design_sources
# add_files -fileset sources_1 $mem_init
# add_files -fileset constrs_1 [file join $constr_dir basys3_riscv.xdc]
# set_property top basys3_riscv_top [current_fileset]
# update_compile_order -fileset sources_1
# launch_runs synth_1 -jobs 4
WARNING: [Vivado 12-7122] Auto Incremental Compile:: No reference checkpoint was found in run synth_1. Auto-incremental flow will not be run, the standard flow will be run instead.
[Fri Mar 27 02:55:58 2026] Launched synth_1...
Run output will be captured here: C:/Users/minja/AppData/Local/Temp/basys3_riscv_vivado_uart3_synth/project/basys3_riscv_uart.runs/synth_1/runme.log
# wait_on_run synth_1
[Fri Mar 27 02:55:58 2026] Waiting for synth_1 to finish...

*** Running vivado
    with args -log basys3_riscv_top.vds -m64 -product Vivado -mode batch -messageDb vivado.pb -notrace -source basys3_riscv_top.tcl



****** Vivado v2025.2 (64-bit)
  **** SW Build 6299465 on Fri Nov 14 19:35:11 GMT 2025
  **** IP Build 6300035 on Fri Nov 14 10:48:45 MST 2025
  **** SharedData Build 6298862 on Thu Nov 13 04:50:51 MST 2025
  **** Start of session at: Fri Mar 27 02:56:00 2026
    ** Copyright 1986-2022 Xilinx, Inc. All Rights Reserved.
    ** Copyright 2022-2025 Advanced Micro Devices, Inc. All Rights Reserved.

source basys3_riscv_top.tcl -notrace
create_project: Time (s): cpu = 00:00:10 ; elapsed = 00:00:08 . Memory (MB): peak = 525.957 ; gain = 221.230
Command: synth_design -top basys3_riscv_top -part xc7a35tcpg236-1
Starting synth_design
Attempting to get a license for feature 'Synthesis' and/or device 'xc7a35t'
INFO: [Common 17-349] Got license for feature 'Synthesis' and/or device 'xc7a35t'
INFO: [Device 21-403] Loading part xc7a35tcpg236-1
INFO: [Synth 8-7079] Multithreading enabled for synth_design using a maximum of 2 processes.
INFO: [Synth 8-7078] Launching helper process for spawning children vivado processes
INFO: [Synth 8-7075] Helper process launched with PID 23096
---------------------------------------------------------------------------------
Starting RTL Elaboration : Time (s): cpu = 00:00:07 ; elapsed = 00:00:07 . Memory (MB): peak = 1255.594 ; gain = 540.867
---------------------------------------------------------------------------------
INFO: [Synth 8-6157] synthesizing module 'basys3_riscv_top' [C:/Users/minja/OneDrive/Documents/GitHub/5-Stage-Pipeline-RISC-V/src/basys3_riscv_top.sv:4]
INFO: [Synth 8-6157] synthesizing module 'riscv_cpu_top' [C:/Users/minja/OneDrive/Documents/GitHub/5-Stage-Pipeline-RISC-V/src/riscv_cpu_top.sv:5]
INFO: [Synth 8-6157] synthesizing module 'program_counter' [C:/Users/minja/OneDrive/Documents/GitHub/5-Stage-Pipeline-RISC-V/src/program_counter.sv:5]
INFO: [Synth 8-6155] done synthesizing module 'program_counter' (0#1) [C:/Users/minja/OneDrive/Documents/GitHub/5-Stage-Pipeline-RISC-V/src/program_counter.sv:5]
INFO: [Synth 8-6157] synthesizing module 'simple_memory' [C:/Users/minja/OneDrive/Documents/GitHub/5-Stage-Pipeline-RISC-V/src/simple_memory.sv:5]
	Parameter ADDR_WIDTH bound to: 12 - type: integer 
	Parameter CLEAR_ON_RESET bound to: 0 - type: integer 
	Parameter INIT_FILE bound to: imem_program.hex - type: string 
INFO: [Synth 8-3876] $readmem data file 'imem_program.hex' is read successfully [C:/Users/minja/OneDrive/Documents/GitHub/5-Stage-Pipeline-RISC-V/src/simple_memory.sv:51]
INFO: [Synth 8-6155] done synthesizing module 'simple_memory' (0#1) [C:/Users/minja/OneDrive/Documents/GitHub/5-Stage-Pipeline-RISC-V/src/simple_memory.sv:5]
INFO: [Synth 8-6157] synthesizing module 'pipeline_if_id' [C:/Users/minja/OneDrive/Documents/GitHub/5-Stage-Pipeline-RISC-V/src/pipeline_if_id.sv:2]
INFO: [Synth 8-6155] done synthesizing module 'pipeline_if_id' (0#1) [C:/Users/minja/OneDrive/Documents/GitHub/5-Stage-Pipeline-RISC-V/src/pipeline_if_id.sv:2]
INFO: [Synth 8-6157] synthesizing module 'control_unit' [C:/Users/minja/OneDrive/Documents/GitHub/5-Stage-Pipeline-RISC-V/src/control_unit.sv:5]
INFO: [Synth 8-226] default block is never used [C:/Users/minja/OneDrive/Documents/GitHub/5-Stage-Pipeline-RISC-V/src/control_unit.sv:161]
INFO: [Synth 8-226] default block is never used [C:/Users/minja/OneDrive/Documents/GitHub/5-Stage-Pipeline-RISC-V/src/control_unit.sv:184]
INFO: [Synth 8-6155] done synthesizing module 'control_unit' (0#1) [C:/Users/minja/OneDrive/Documents/GitHub/5-Stage-Pipeline-RISC-V/src/control_unit.sv:5]
INFO: [Synth 8-6157] synthesizing module 'register_file' [C:/Users/minja/OneDrive/Documents/GitHub/5-Stage-Pipeline-RISC-V/src/register_file.sv:5]
INFO: [Synth 8-6155] done synthesizing module 'register_file' (0#1) [C:/Users/minja/OneDrive/Documents/GitHub/5-Stage-Pipeline-RISC-V/src/register_file.sv:5]
INFO: [Synth 8-6157] synthesizing module 'immediate_generator' [C:/Users/minja/OneDrive/Documents/GitHub/5-Stage-Pipeline-RISC-V/src/immediate_generator.sv:5]
INFO: [Synth 8-6155] done synthesizing module 'immediate_generator' (0#1) [C:/Users/minja/OneDrive/Documents/GitHub/5-Stage-Pipeline-RISC-V/src/immediate_generator.sv:5]
INFO: [Synth 8-6157] synthesizing module 'pipeline_id_ex' [C:/Users/minja/OneDrive/Documents/GitHub/5-Stage-Pipeline-RISC-V/src/pipeline_id_ex.sv:2]
INFO: [Synth 8-6155] done synthesizing module 'pipeline_id_ex' (0#1) [C:/Users/minja/OneDrive/Documents/GitHub/5-Stage-Pipeline-RISC-V/src/pipeline_id_ex.sv:2]
INFO: [Synth 8-6157] synthesizing module 'forwarding_unit' [C:/Users/minja/OneDrive/Documents/GitHub/5-Stage-Pipeline-RISC-V/src/forwarding_unit.sv:4]
INFO: [Synth 8-6155] done synthesizing module 'forwarding_unit' (0#1) [C:/Users/minja/OneDrive/Documents/GitHub/5-Stage-Pipeline-RISC-V/src/forwarding_unit.sv:4]
INFO: [Synth 8-6157] synthesizing module 'riscv_alu' [C:/Users/minja/OneDrive/Documents/GitHub/5-Stage-Pipeline-RISC-V/src/riscv_alu.sv:5]
INFO: [Synth 8-6157] synthesizing module 'full_adder' [C:/Users/minja/OneDrive/Documents/GitHub/5-Stage-Pipeline-RISC-V/src/riscv_alu.sv:162]
INFO: [Synth 8-6155] done synthesizing module 'full_adder' (0#1) [C:/Users/minja/OneDrive/Documents/GitHub/5-Stage-Pipeline-RISC-V/src/riscv_alu.sv:162]
INFO: [Synth 8-6157] synthesizing module 'mux_10to1' [C:/Users/minja/OneDrive/Documents/GitHub/5-Stage-Pipeline-RISC-V/src/riscv_alu.sv:356]
INFO: [Synth 8-6155] done synthesizing module 'mux_10to1' (0#1) [C:/Users/minja/OneDrive/Documents/GitHub/5-Stage-Pipeline-RISC-V/src/riscv_alu.sv:356]
INFO: [Synth 8-6157] synthesizing module 'barrel_shifter_left' [C:/Users/minja/OneDrive/Documents/GitHub/5-Stage-Pipeline-RISC-V/src/riscv_alu.sv:183]
INFO: [Synth 8-6157] synthesizing module 'mux_2to1' [C:/Users/minja/OneDrive/Documents/GitHub/5-Stage-Pipeline-RISC-V/src/riscv_alu.sv:338]
INFO: [Synth 8-6155] done synthesizing module 'mux_2to1' (0#1) [C:/Users/minja/OneDrive/Documents/GitHub/5-Stage-Pipeline-RISC-V/src/riscv_alu.sv:338]
INFO: [Synth 8-6155] done synthesizing module 'barrel_shifter_left' (0#1) [C:/Users/minja/OneDrive/Documents/GitHub/5-Stage-Pipeline-RISC-V/src/riscv_alu.sv:183]
INFO: [Synth 8-6157] synthesizing module 'barrel_shifter_right' [C:/Users/minja/OneDrive/Documents/GitHub/5-Stage-Pipeline-RISC-V/src/riscv_alu.sv:258]
INFO: [Synth 8-6155] done synthesizing module 'barrel_shifter_right' (0#1) [C:/Users/minja/OneDrive/Documents/GitHub/5-Stage-Pipeline-RISC-V/src/riscv_alu.sv:258]
INFO: [Synth 8-6155] done synthesizing module 'riscv_alu' (0#1) [C:/Users/minja/OneDrive/Documents/GitHub/5-Stage-Pipeline-RISC-V/src/riscv_alu.sv:5]
INFO: [Synth 8-6157] synthesizing module 'branch_unit' [C:/Users/minja/OneDrive/Documents/GitHub/5-Stage-Pipeline-RISC-V/src/branch_unit.sv:5]
INFO: [Synth 8-6155] done synthesizing module 'branch_unit' (0#1) [C:/Users/minja/OneDrive/Documents/GitHub/5-Stage-Pipeline-RISC-V/src/branch_unit.sv:5]
INFO: [Synth 8-6157] synthesizing module 'pipeline_ex_mem' [C:/Users/minja/OneDrive/Documents/GitHub/5-Stage-Pipeline-RISC-V/src/pipeline_ex_mem.sv:2]
INFO: [Synth 8-6155] done synthesizing module 'pipeline_ex_mem' (0#1) [C:/Users/minja/OneDrive/Documents/GitHub/5-Stage-Pipeline-RISC-V/src/pipeline_ex_mem.sv:2]
INFO: [Synth 8-6157] synthesizing module 'load_store_unit' [C:/Users/minja/OneDrive/Documents/GitHub/5-Stage-Pipeline-RISC-V/src/load_store_unit.sv:5]
INFO: [Synth 8-6155] done synthesizing module 'load_store_unit' (0#1) [C:/Users/minja/OneDrive/Documents/GitHub/5-Stage-Pipeline-RISC-V/src/load_store_unit.sv:5]
INFO: [Synth 8-6157] synthesizing module 'simple_memory__parameterized0' [C:/Users/minja/OneDrive/Documents/GitHub/5-Stage-Pipeline-RISC-V/src/simple_memory.sv:5]
	Parameter ADDR_WIDTH bound to: 12 - type: integer 
INFO: [Synth 8-6155] done synthesizing module 'simple_memory__parameterized0' (0#1) [C:/Users/minja/OneDrive/Documents/GitHub/5-Stage-Pipeline-RISC-V/src/simple_memory.sv:5]
INFO: [Synth 8-6157] synthesizing module 'pipeline_mem_wb' [C:/Users/minja/OneDrive/Documents/GitHub/5-Stage-Pipeline-RISC-V/src/pipeline_mem_wb.sv:2]
INFO: [Synth 8-6155] done synthesizing module 'pipeline_mem_wb' (0#1) [C:/Users/minja/OneDrive/Documents/GitHub/5-Stage-Pipeline-RISC-V/src/pipeline_mem_wb.sv:2]
INFO: [Synth 8-6155] done synthesizing module 'riscv_cpu_top' (0#1) [C:/Users/minja/OneDrive/Documents/GitHub/5-Stage-Pipeline-RISC-V/src/riscv_cpu_top.sv:5]
INFO: [Synth 8-6157] synthesizing module 'uart_tx' [C:/Users/minja/OneDrive/Documents/GitHub/5-Stage-Pipeline-RISC-V/src/uart_tx.sv:1]
	Parameter CLKS_PER_BIT bound to: 32'b00000000000000000000001101100100 
INFO: [Synth 8-6155] done synthesizing module 'uart_tx' (0#1) [C:/Users/minja/OneDrive/Documents/GitHub/5-Stage-Pipeline-RISC-V/src/uart_tx.sv:1]
INFO: [Synth 8-6155] done synthesizing module 'basys3_riscv_top' (0#1) [C:/Users/minja/OneDrive/Documents/GitHub/5-Stage-Pipeline-RISC-V/src/basys3_riscv_top.sv:4]
WARNING: [Synth 8-7129] Port reset in module simple_memory__parameterized0 is either unconnected or has no load
WARNING: [Synth 8-7129] Port address[1] in module simple_memory__parameterized0 is either unconnected or has no load
WARNING: [Synth 8-7129] Port address[0] in module simple_memory__parameterized0 is either unconnected or has no load
WARNING: [Synth 8-7129] Port instruction[6] in module immediate_generator is either unconnected or has no load
WARNING: [Synth 8-7129] Port instruction[5] in module immediate_generator is either unconnected or has no load
WARNING: [Synth 8-7129] Port instruction[4] in module immediate_generator is either unconnected or has no load
WARNING: [Synth 8-7129] Port instruction[3] in module immediate_generator is either unconnected or has no load
WARNING: [Synth 8-7129] Port instruction[2] in module immediate_generator is either unconnected or has no load
WARNING: [Synth 8-7129] Port instruction[1] in module immediate_generator is either unconnected or has no load
WARNING: [Synth 8-7129] Port instruction[0] in module immediate_generator is either unconnected or has no load
WARNING: [Synth 8-7129] Port instruction[31] in module control_unit is either unconnected or has no load
WARNING: [Synth 8-7129] Port instruction[29] in module control_unit is either unconnected or has no load
WARNING: [Synth 8-7129] Port instruction[28] in module control_unit is either unconnected or has no load
WARNING: [Synth 8-7129] Port instruction[27] in module control_unit is either unconnected or has no load
WARNING: [Synth 8-7129] Port instruction[26] in module control_unit is either unconnected or has no load
WARNING: [Synth 8-7129] Port instruction[25] in module control_unit is either unconnected or has no load
WARNING: [Synth 8-7129] Port instruction[24] in module control_unit is either unconnected or has no load
WARNING: [Synth 8-7129] Port instruction[23] in module control_unit is either unconnected or has no load
WARNING: [Synth 8-7129] Port instruction[22] in module control_unit is either unconnected or has no load
WARNING: [Synth 8-7129] Port instruction[21] in module control_unit is either unconnected or has no load
WARNING: [Synth 8-7129] Port instruction[20] in module control_unit is either unconnected or has no load
WARNING: [Synth 8-7129] Port instruction[19] in module control_unit is either unconnected or has no load
WARNING: [Synth 8-7129] Port instruction[18] in module control_unit is either unconnected or has no load
WARNING: [Synth 8-7129] Port instruction[17] in module control_unit is either unconnected or has no load
WARNING: [Synth 8-7129] Port instruction[16] in module control_unit is either unconnected or has no load
WARNING: [Synth 8-7129] Port instruction[15] in module control_unit is either unconnected or has no load
WARNING: [Synth 8-7129] Port instruction[11] in module control_unit is either unconnected or has no load
WARNING: [Synth 8-7129] Port instruction[10] in module control_unit is either unconnected or has no load
WARNING: [Synth 8-7129] Port instruction[9] in module control_unit is either unconnected or has no load
WARNING: [Synth 8-7129] Port instruction[8] in module control_unit is either unconnected or has no load
WARNING: [Synth 8-7129] Port instruction[7] in module control_unit is either unconnected or has no load
WARNING: [Synth 8-7129] Port reset in module simple_memory is either unconnected or has no load
WARNING: [Synth 8-7129] Port address[1] in module simple_memory is either unconnected or has no load
WARNING: [Synth 8-7129] Port address[0] in module simple_memory is either unconnected or has no load
---------------------------------------------------------------------------------
Finished RTL Elaboration : Time (s): cpu = 00:00:10 ; elapsed = 00:00:11 . Memory (MB): peak = 1389.613 ; gain = 674.887
---------------------------------------------------------------------------------
---------------------------------------------------------------------------------
Start Handling Custom Attributes
---------------------------------------------------------------------------------
---------------------------------------------------------------------------------
Finished Handling Custom Attributes : Time (s): cpu = 00:00:10 ; elapsed = 00:00:11 . Memory (MB): peak = 1389.613 ; gain = 674.887
---------------------------------------------------------------------------------
---------------------------------------------------------------------------------
Finished RTL Optimization Phase 1 : Time (s): cpu = 00:00:10 ; elapsed = 00:00:11 . Memory (MB): peak = 1389.613 ; gain = 674.887
---------------------------------------------------------------------------------
Netlist sorting complete. Time (s): cpu = 00:00:00 ; elapsed = 00:00:00.089 . Memory (MB): peak = 1389.613 ; gain = 0.000
INFO: [Project 1-570] Preparing netlist for logic optimization

Processing XDC Constraints
Initializing timing engine
Parsing XDC File [C:/Users/minja/OneDrive/Documents/GitHub/5-Stage-Pipeline-RISC-V/constraints/basys3_riscv.xdc]
Finished Parsing XDC File [C:/Users/minja/OneDrive/Documents/GitHub/5-Stage-Pipeline-RISC-V/constraints/basys3_riscv.xdc]
INFO: [Project 1-236] Implementation specific constraints were found while reading constraint file [C:/Users/minja/OneDrive/Documents/GitHub/5-Stage-Pipeline-RISC-V/constraints/basys3_riscv.xdc]. These constraints will be ignored for synthesis but will be used in implementation. Impacted constraints are listed in the file [.Xil/basys3_riscv_top_propImpl.xdc].
Resolution: To avoid this warning, move constraints listed in [.Xil/basys3_riscv_top_propImpl.xdc] to another XDC file and exclude this new file from synthesis with the used_in_synthesis property (File Properties dialog in GUI) and re-run elaboration/synthesis.
Completed Processing XDC Constraints

Netlist sorting complete. Time (s): cpu = 00:00:00 ; elapsed = 00:00:00.005 . Memory (MB): peak = 1469.418 ; gain = 0.000
INFO: [Project 1-111] Unisim Transformation Summary:
No Unisim elements were transformed.

Constraint Validation Runtime : Time (s): cpu = 00:00:00 ; elapsed = 00:00:00.040 . Memory (MB): peak = 1469.418 ; gain = 0.000
---------------------------------------------------------------------------------
Finished Constraint Validation : Time (s): cpu = 00:00:21 ; elapsed = 00:00:22 . Memory (MB): peak = 1469.418 ; gain = 754.691
---------------------------------------------------------------------------------
---------------------------------------------------------------------------------
Start Loading Part and Timing Information
---------------------------------------------------------------------------------
Loading part: xc7a35tcpg236-1
---------------------------------------------------------------------------------
Finished Loading Part and Timing Information : Time (s): cpu = 00:00:21 ; elapsed = 00:00:22 . Memory (MB): peak = 1469.418 ; gain = 754.691
---------------------------------------------------------------------------------
---------------------------------------------------------------------------------
Start Applying 'set_property' XDC Constraints
---------------------------------------------------------------------------------
---------------------------------------------------------------------------------
Finished applying 'set_property' XDC Constraints : Time (s): cpu = 00:00:21 ; elapsed = 00:00:22 . Memory (MB): peak = 1469.418 ; gain = 754.691
---------------------------------------------------------------------------------
---------------------------------------------------------------------------------
Finished RTL Optimization Phase 2 : Time (s): cpu = 00:00:22 ; elapsed = 00:00:23 . Memory (MB): peak = 1469.418 ; gain = 754.691
---------------------------------------------------------------------------------
---------------------------------------------------------------------------------
Start RTL Component Statistics 
---------------------------------------------------------------------------------
Detailed RTL Component Info : 
+---Adders : 
	   2 Input   32 Bit       Adders := 3     
	   2 Input   10 Bit       Adders := 1     
	   2 Input    7 Bit       Adders := 8     
	   2 Input    5 Bit       Adders := 1     
	   2 Input    4 Bit       Adders := 2     
	   2 Input    2 Bit       Adders := 1     
	   2 Input    1 Bit       Adders := 1     
+---XORs : 
	   2 Input      1 Bit         XORs := 128   
	   3 Input      1 Bit         XORs := 1     
+---Registers : 
	               32 Bit    Registers := 48    
	               10 Bit    Registers := 2     
	                7 Bit    Registers := 1     
	                5 Bit    Registers := 6     
	                4 Bit    Registers := 3     
	                3 Bit    Registers := 2     
	                2 Bit    Registers := 6     
	                1 Bit    Registers := 21    
+---Muxes : 
	   2 Input   32 Bit        Muxes := 8     
	   4 Input   32 Bit        Muxes := 8     
	   2 Input   16 Bit        Muxes := 2     
	   2 Input   10 Bit        Muxes := 2     
	   4 Input    8 Bit        Muxes := 1     
	   2 Input    7 Bit        Muxes := 8     
	   8 Input    4 Bit        Muxes := 2     
	   2 Input    4 Bit        Muxes := 1     
	   2 Input    2 Bit        Muxes := 2     
	   2 Input    1 Bit        Muxes := 53    
---------------------------------------------------------------------------------
Finished RTL Component Statistics 
---------------------------------------------------------------------------------
---------------------------------------------------------------------------------
Start Part Resource Summary
---------------------------------------------------------------------------------
Part Resources:
DSPs: 90 (col length:60)
BRAMs: 100 (col length: RAMB18 60 RAMB36 30)
---------------------------------------------------------------------------------
Finished Part Resource Summary
---------------------------------------------------------------------------------
---------------------------------------------------------------------------------
Start Cross Boundary and Area Optimization
---------------------------------------------------------------------------------
WARNING: [Synth 8-7129] Port reset in module simple_memory__parameterized0 is either unconnected or has no load
WARNING: [Synth 8-7129] Port address[1] in module simple_memory__parameterized0 is either unconnected or has no load
WARNING: [Synth 8-7129] Port address[0] in module simple_memory__parameterized0 is either unconnected or has no load
WARNING: [Synth 8-7129] Port instruction[6] in module immediate_generator is either unconnected or has no load
WARNING: [Synth 8-7129] Port instruction[5] in module immediate_generator is either unconnected or has no load
WARNING: [Synth 8-7129] Port instruction[4] in module immediate_generator is either unconnected or has no load
WARNING: [Synth 8-7129] Port instruction[3] in module immediate_generator is either unconnected or has no load
WARNING: [Synth 8-7129] Port instruction[2] in module immediate_generator is either unconnected or has no load
WARNING: [Synth 8-7129] Port instruction[1] in module immediate_generator is either unconnected or has no load
WARNING: [Synth 8-7129] Port instruction[0] in module immediate_generator is either unconnected or has no load
WARNING: [Synth 8-7129] Port instruction[31] in module control_unit is either unconnected or has no load
WARNING: [Synth 8-7129] Port instruction[29] in module control_unit is either unconnected or has no load
WARNING: [Synth 8-7129] Port instruction[28] in module control_unit is either unconnected or has no load
WARNING: [Synth 8-7129] Port instruction[27] in module control_unit is either unconnected or has no load
WARNING: [Synth 8-7129] Port instruction[26] in module control_unit is either unconnected or has no load
WARNING: [Synth 8-7129] Port instruction[25] in module control_unit is either unconnected or has no load
WARNING: [Synth 8-7129] Port instruction[24] in module control_unit is either unconnected or has no load
WARNING: [Synth 8-7129] Port instruction[23] in module control_unit is either unconnected or has no load
WARNING: [Synth 8-7129] Port instruction[22] in module control_unit is either unconnected or has no load
WARNING: [Synth 8-7129] Port instruction[21] in module control_unit is either unconnected or has no load
WARNING: [Synth 8-7129] Port instruction[20] in module control_unit is either unconnected or has no load
WARNING: [Synth 8-7129] Port instruction[19] in module control_unit is either unconnected or has no load
WARNING: [Synth 8-7129] Port instruction[18] in module control_unit is either unconnected or has no load
WARNING: [Synth 8-7129] Port instruction[17] in module control_unit is either unconnected or has no load
WARNING: [Synth 8-7129] Port instruction[16] in module control_unit is either unconnected or has no load
WARNING: [Synth 8-7129] Port instruction[15] in module control_unit is either unconnected or has no load
WARNING: [Synth 8-7129] Port instruction[11] in module control_unit is either unconnected or has no load
WARNING: [Synth 8-7129] Port instruction[10] in module control_unit is either unconnected or has no load
WARNING: [Synth 8-7129] Port instruction[9] in module control_unit is either unconnected or has no load
WARNING: [Synth 8-7129] Port instruction[8] in module control_unit is either unconnected or has no load
WARNING: [Synth 8-7129] Port instruction[7] in module control_unit is either unconnected or has no load
WARNING: [Synth 8-7129] Port reset in module simple_memory is either unconnected or has no load
WARNING: [Synth 8-7129] Port address[1] in module simple_memory is either unconnected or has no load
WARNING: [Synth 8-7129] Port address[0] in module simple_memory is either unconnected or has no load
---------------------------------------------------------------------------------
Finished Cross Boundary and Area Optimization : Time (s): cpu = 00:00:43 ; elapsed = 00:00:44 . Memory (MB): peak = 1529.629 ; gain = 814.902
---------------------------------------------------------------------------------
---------------------------------------------------------------------------------
Start ROM, RAM, DSP, Shift Register and Retiming Reporting
---------------------------------------------------------------------------------

Distributed RAM: Preliminary Mapping Report (see note below)
+------------+------------+----------------+----------------------+------------------+
|Module Name | RTL Object | Inference      | Size (Depth x Width) | Primitives       | 
+------------+------------+----------------+----------------------+------------------+
|cpu/imem    | memory_reg | User Attribute | 1 K x 32             | RAM256X1S x 128  | 
|cpu/dmem    | memory_reg | User Attribute | 1 K x 32             | RAM256X1S x 128  | 
+------------+------------+----------------+----------------------+------------------+

Note: The table above is a preliminary report that shows the Distributed RAMs at the current stage of the synthesis flow. Some Distributed RAMs may be reimplemented as non Distributed RAM primitives later in the synthesis flow. Multiple instantiated RAMs are reported only once.
---------------------------------------------------------------------------------
Finished ROM, RAM, DSP, Shift Register and Retiming Reporting
---------------------------------------------------------------------------------
---------------------------------------------------------------------------------
Start Applying XDC Timing Constraints
---------------------------------------------------------------------------------
---------------------------------------------------------------------------------
Finished Applying XDC Timing Constraints : Time (s): cpu = 00:00:49 ; elapsed = 00:00:50 . Memory (MB): peak = 1603.742 ; gain = 889.016
---------------------------------------------------------------------------------
---------------------------------------------------------------------------------
Start Timing Optimization
---------------------------------------------------------------------------------
---------------------------------------------------------------------------------
Finished Timing Optimization : Time (s): cpu = 00:00:53 ; elapsed = 00:00:55 . Memory (MB): peak = 1679.848 ; gain = 965.121
---------------------------------------------------------------------------------
---------------------------------------------------------------------------------
Start ROM, RAM, DSP, Shift Register and Retiming Reporting
---------------------------------------------------------------------------------

Distributed RAM: Final Mapping Report
+------------+------------+----------------+----------------------+------------------+
|Module Name | RTL Object | Inference      | Size (Depth x Width) | Primitives       | 
+------------+------------+----------------+----------------------+------------------+
|cpu/imem    | memory_reg | User Attribute | 1 K x 32             | RAM256X1S x 128  | 
|cpu/dmem    | memory_reg | User Attribute | 1 K x 32             | RAM256X1S x 128  | 
+------------+------------+----------------+----------------------+------------------+

---------------------------------------------------------------------------------
Finished ROM, RAM, DSP, Shift Register and Retiming Reporting
---------------------------------------------------------------------------------
---------------------------------------------------------------------------------
Start Technology Mapping
---------------------------------------------------------------------------------
---------------------------------------------------------------------------------
Finished Technology Mapping : Time (s): cpu = 00:00:55 ; elapsed = 00:00:57 . Memory (MB): peak = 1697.945 ; gain = 983.219
---------------------------------------------------------------------------------
---------------------------------------------------------------------------------
Start IO Insertion
---------------------------------------------------------------------------------
---------------------------------------------------------------------------------
Start Flattening Before IO Insertion
---------------------------------------------------------------------------------
---------------------------------------------------------------------------------
Finished Flattening Before IO Insertion
---------------------------------------------------------------------------------
---------------------------------------------------------------------------------
Start Final Netlist Cleanup
---------------------------------------------------------------------------------
---------------------------------------------------------------------------------
Finished Final Netlist Cleanup
---------------------------------------------------------------------------------
---------------------------------------------------------------------------------
Finished IO Insertion : Time (s): cpu = 00:01:00 ; elapsed = 00:01:02 . Memory (MB): peak = 1874.273 ; gain = 1159.547
---------------------------------------------------------------------------------
---------------------------------------------------------------------------------
Start Renaming Generated Instances
---------------------------------------------------------------------------------
---------------------------------------------------------------------------------
Finished Renaming Generated Instances : Time (s): cpu = 00:01:00 ; elapsed = 00:01:02 . Memory (MB): peak = 1874.273 ; gain = 1159.547
---------------------------------------------------------------------------------
---------------------------------------------------------------------------------
Start Rebuilding User Hierarchy
---------------------------------------------------------------------------------
---------------------------------------------------------------------------------
Finished Rebuilding User Hierarchy : Time (s): cpu = 00:01:01 ; elapsed = 00:01:02 . Memory (MB): peak = 1874.273 ; gain = 1159.547
---------------------------------------------------------------------------------
---------------------------------------------------------------------------------
Start Renaming Generated Ports
---------------------------------------------------------------------------------
---------------------------------------------------------------------------------
Finished Renaming Generated Ports : Time (s): cpu = 00:01:01 ; elapsed = 00:01:02 . Memory (MB): peak = 1874.273 ; gain = 1159.547
---------------------------------------------------------------------------------
---------------------------------------------------------------------------------
Start Handling Custom Attributes
---------------------------------------------------------------------------------
---------------------------------------------------------------------------------
Finished Handling Custom Attributes : Time (s): cpu = 00:01:01 ; elapsed = 00:01:02 . Memory (MB): peak = 1874.273 ; gain = 1159.547
---------------------------------------------------------------------------------
---------------------------------------------------------------------------------
Start Renaming Generated Nets
---------------------------------------------------------------------------------
---------------------------------------------------------------------------------
Finished Renaming Generated Nets : Time (s): cpu = 00:01:01 ; elapsed = 00:01:02 . Memory (MB): peak = 1874.273 ; gain = 1159.547
---------------------------------------------------------------------------------
---------------------------------------------------------------------------------
Start Writing Synthesis Report
---------------------------------------------------------------------------------

Report BlackBoxes: 
+-+--------------+----------+
| |BlackBox name |Instances |
+-+--------------+----------+
+-+--------------+----------+

Report Cell Usage: 
+------+----------+------+
|      |Cell      |Count |
+------+----------+------+
|1     |BUFG      |     2|
|2     |CARRY4    |    41|
|3     |LUT1      |     9|
|4     |LUT2      |    82|
|5     |LUT3      |   185|
|6     |LUT4      |   178|
|7     |LUT5      |   282|
|8     |LUT6      |  1320|
|9     |MUXF7     |   389|
|10    |RAM256X1S |   158|
|11    |FDRE      |  1608|
|12    |FDSE      |    11|
|13    |IBUF      |     2|
|14    |OBUF      |    17|
+------+----------+------+
---------------------------------------------------------------------------------
Finished Writing Synthesis Report : Time (s): cpu = 00:01:01 ; elapsed = 00:01:02 . Memory (MB): peak = 1874.273 ; gain = 1159.547
---------------------------------------------------------------------------------
Synthesis finished with 0 errors, 0 critical warnings and 34 warnings.
Synthesis Optimization Runtime : Time (s): cpu = 00:00:48 ; elapsed = 00:00:59 . Memory (MB): peak = 1874.273 ; gain = 1079.742
Synthesis Optimization Complete : Time (s): cpu = 00:01:01 ; elapsed = 00:01:03 . Memory (MB): peak = 1874.273 ; gain = 1159.547
INFO: [Project 1-571] Translating synthesized netlist
Netlist sorting complete. Time (s): cpu = 00:00:00 ; elapsed = 00:00:00.059 . Memory (MB): peak = 1883.512 ; gain = 0.000
INFO: [Netlist 29-17] Analyzing 588 Unisim elements for replacement
INFO: [Netlist 29-28] Unisim Transformation completed in 1 CPU seconds
INFO: [Project 1-570] Preparing netlist for logic optimization
INFO: [Opt 31-138] Pushed 0 inverter(s) to 0 load pin(s).
Netlist sorting complete. Time (s): cpu = 00:00:00 ; elapsed = 00:00:00.004 . Memory (MB): peak = 1887.188 ; gain = 0.000
INFO: [Project 1-111] Unisim Transformation Summary:
  A total of 158 instances were transformed.
  RAM256X1S => RAM256X1S (MUXF7(x2), MUXF8, RAMS64E(x4)): 158 instances

Synth Design complete | Checksum: b9a96492
INFO: [Common 17-83] Releasing license: Synthesis
62 Infos, 68 Warnings, 0 Critical Warnings and 0 Errors encountered.
synth_design completed successfully
synth_design: Time (s): cpu = 00:01:07 ; elapsed = 00:01:11 . Memory (MB): peak = 1887.188 ; gain = 1361.230
Write ShapeDB Complete: Time (s): cpu = 00:00:00 ; elapsed = 00:00:00.012 . Memory (MB): peak = 1887.188 ; gain = 0.000
INFO: [Common 17-1381] The checkpoint 'C:/Users/minja/AppData/Local/Temp/basys3_riscv_vivado_uart3_synth/project/basys3_riscv_uart.runs/synth_1/basys3_riscv_top.dcp' has been generated.
INFO: [Vivado 12-24828] Executing command : report_utilization -file basys3_riscv_top_utilization_synth.rpt -pb basys3_riscv_top_utilization_synth.pb
INFO: [Common 17-206] Exiting Vivado at Fri Mar 27 02:57:23 2026...
[Fri Mar 27 02:57:28 2026] synth_1 finished
wait_on_runs: Time (s): cpu = 00:00:00 ; elapsed = 00:01:30 . Memory (MB): peak = 533.203 ; gain = 0.000
# open_run synth_1
Design is defaulting to impl run constrset: constrs_1
Design is defaulting to synth run part: xc7a35tcpg236-1
INFO: [Device 21-403] Loading part xc7a35tcpg236-1
Netlist sorting complete. Time (s): cpu = 00:00:00 ; elapsed = 00:00:00.036 . Memory (MB): peak = 740.477 ; gain = 0.000
INFO: [Netlist 29-17] Analyzing 588 Unisim elements for replacement
INFO: [Netlist 29-28] Unisim Transformation completed in 0 CPU seconds
INFO: [Project 1-479] Netlist was created with Vivado 2025.2
INFO: [Project 1-570] Preparing netlist for logic optimization
Parsing XDC File [C:/Users/minja/OneDrive/Documents/GitHub/5-Stage-Pipeline-RISC-V/constraints/basys3_riscv.xdc]
Finished Parsing XDC File [C:/Users/minja/OneDrive/Documents/GitHub/5-Stage-Pipeline-RISC-V/constraints/basys3_riscv.xdc]
INFO: [Opt 31-138] Pushed 0 inverter(s) to 0 load pin(s).
Netlist sorting complete. Time (s): cpu = 00:00:00 ; elapsed = 00:00:00.003 . Memory (MB): peak = 876.203 ; gain = 0.000
INFO: [Project 1-111] Unisim Transformation Summary:
  A total of 158 instances were transformed.
  RAM256X1S => RAM256X1S (MUXF7(x2), MUXF8, RAMS64E(x4)): 158 instances

open_run: Time (s): cpu = 00:00:05 ; elapsed = 00:00:06 . Memory (MB): peak = 876.203 ; gain = 343.000
# report_utilization -file [file join $proj_dir synth_only_utilization.rpt]
INFO: [Common 17-206] Exiting Vivado at Fri Mar 27 02:57:34 2026...
